main.c:87:5:main	24	static
main.c:156:6:SystemClock_Config	72	static
main.c:191:13:MX_USART1_UART_Init	8	static
main.c:224:13:MX_GPIO_Init	32	static
main.c:286:6:set_1_digital	8	static
main.c:294:6:set_2_digital	8	static
main.c:302:6:set_3_digital	8	static
main.c:310:6:set_4_digital	8	static
main.c:318:6:clear_segment	8	static
main.c:330:6:print_0	8	static
main.c:340:6:print_1	8	static
main.c:347:6:print_2	8	static
main.c:357:6:print_3	8	static
main.c:367:6:print_4	8	static
main.c:376:6:print_5	8	static
main.c:386:6:print_6	8	static
main.c:397:6:print_7	8	static
main.c:405:6:print_8	8	static
main.c:417:6:print_9	8	static
main.c:427:6:switch_digital	16	static
main.c:481:6:Error_Handler	4	static
