13:44:22 **** Incremental Build of configuration Debug for project adc_f103 ****
make -j8 all 
arm-none-eabi-gcc "../Core/Src/main.c" -mcpu=cortex-m3 -std=gnu11 -g3 -DUSE_HAL_DRIVER -DSTM32F103xB -DDEBUG -c -I../Drivers/CMSIS/Device/ST/STM32F1xx/Include -I../Drivers/CMSIS/Include -I../Core/Inc -I../Drivers/STM32F1xx_HAL_Driver/Inc/Legacy -I../Drivers/STM32F1xx_HAL_Driver/Inc -O0 -ffunction-sections -fdata-sections -Wall -fstack-usage -MMD -MP -MF"Core/Src/main.d" -MT"Core/Src/main.o" --specs=nano.specs -mfloat-abi=soft -mthumb -o "Core/Src/main.o"
arm-none-eabi-gcc -o "adc_f103.elf" @"objects.list"   -mcpu=cortex-m3 -T"D:\projects\stm32-rep\cube\adc_f103\STM32F103C8TX_FLASH.ld" --specs=nosys.specs -Wl,-Map="adc_f103.map" -Wl,--gc-sections -static --specs=nano.specs -mfloat-abi=soft -mthumb -Wl,--start-group -lc -lm -Wl,--end-group
Finished building target: adc_f103.elf
 
arm-none-eabi-objdump -h -S  adc_f103.elf  > "adc_f103.list"
arm-none-eabi-objcopy  -O binary  adc_f103.elf  "adc_f103.bin"
arm-none-eabi-size   adc_f103.elf 
   text	   data	    bss	    dec	    hex	filename
  16840	    120	   1920	  18880	   49c0	adc_f103.elf
Finished building: default.size.stdout
 
Finished building: adc_f103.bin
 
Finished building: adc_f103.list
 

13:44:23 Build Finished. 0 errors, 0 warnings. (took 1s.128ms)

