11:58:41 **** Incremental Build of configuration Debug for project f103_mosfet ****
make -j8 all 
arm-none-eabi-gcc "../Core/Src/main.c" -mcpu=cortex-m3 -g3 -DDEBUG -DUSE_HAL_DRIVER -DSTM32F103xB -c -I../Core/Inc -I../Drivers/STM32F1xx_HAL_Driver/Inc -I../Drivers/STM32F1xx_HAL_Driver/Inc/Legacy -I../Drivers/CMSIS/Device/ST/STM32F1xx/Include -I../Drivers/CMSIS/Include -O0 -ffunction-sections -fdata-sections -Wall -fstack-usage -MMD -MP -MF"Core/Src/main.d" -MT"Core/Src/main.o" --specs=nano.specs -mfloat-abi=soft -mthumb -o "Core/Src/main.o"
arm-none-eabi-gcc -o "f103_mosfet.elf" @"objects.list"   -mcpu=cortex-m3 -T"D:\projects\stm32-rep\cube\f103_mosfet\STM32F103C8TX_FLASH.ld" --specs=nosys.specs -Wl,-Map="f103_mosfet.map" -Wl,--gc-sections -static --specs=nano.specs -mfloat-abi=soft -mthumb -Wl,--start-group -lc -lm -Wl,--end-group
Finished building target: f103_mosfet.elf
 
arm-none-eabi-objdump -h -S  f103_mosfet.elf  > "f103_mosfet.list"
arm-none-eabi-objcopy  -O binary  f103_mosfet.elf  "f103_mosfet.bin"
arm-none-eabi-size   f103_mosfet.elf 
   text	   data	    bss	    dec	    hex	filename
  14044	    124	   1868	  16036	   3ea4	f103_mosfet.elf
Finished building: default.size.stdout
 
Finished building: f103_mosfet.bin
 
Finished building: f103_mosfet.list
 

11:58:42 Build Finished. 0 errors, 0 warnings. (took 1s.181ms)

