15:06:25 **** Incremental Build of configuration Debug for project f103_NRF ****
make -j8 all 
arm-none-eabi-gcc "../Core/Src/main.c" -mcpu=cortex-m3 -std=gnu11 -g3 -DUSE_HAL_DRIVER -DSTM32F103xB -DDEBUG -c -I../Drivers/CMSIS/Device/ST/STM32F1xx/Include -I../Drivers/CMSIS/Include -I../Core/Inc -I../Drivers/STM32F1xx_HAL_Driver/Inc/Legacy -I../Drivers/STM32F1xx_HAL_Driver/Inc -O0 -ffunction-sections -fdata-sections -Wall -fstack-usage -MMD -MP -MF"Core/Src/main.d" -MT"Core/Src/main.o" --specs=nano.specs -mfloat-abi=soft -mthumb -o "Core/Src/main.o"
arm-none-eabi-gcc "../Core/Src/stm32f1xx_hal_msp.c" -mcpu=cortex-m3 -std=gnu11 -g3 -DUSE_HAL_DRIVER -DSTM32F103xB -DDEBUG -c -I../Drivers/CMSIS/Device/ST/STM32F1xx/Include -I../Drivers/CMSIS/Include -I../Core/Inc -I../Drivers/STM32F1xx_HAL_Driver/Inc/Legacy -I../Drivers/STM32F1xx_HAL_Driver/Inc -O0 -ffunction-sections -fdata-sections -Wall -fstack-usage -MMD -MP -MF"Core/Src/stm32f1xx_hal_msp.d" -MT"Core/Src/stm32f1xx_hal_msp.o" --specs=nano.specs -mfloat-abi=soft -mthumb -o "Core/Src/stm32f1xx_hal_msp.o"
arm-none-eabi-gcc "../Core/Src/stm32f1xx_it.c" -mcpu=cortex-m3 -std=gnu11 -g3 -DUSE_HAL_DRIVER -DSTM32F103xB -DDEBUG -c -I../Drivers/CMSIS/Device/ST/STM32F1xx/Include -I../Drivers/CMSIS/Include -I../Core/Inc -I../Drivers/STM32F1xx_HAL_Driver/Inc/Legacy -I../Drivers/STM32F1xx_HAL_Driver/Inc -O0 -ffunction-sections -fdata-sections -Wall -fstack-usage -MMD -MP -MF"Core/Src/stm32f1xx_it.d" -MT"Core/Src/stm32f1xx_it.o" --specs=nano.specs -mfloat-abi=soft -mthumb -o "Core/Src/stm32f1xx_it.o"
../Core/Src/main.c: In function 'main':
../Core/Src/main.c:142:4: warning: implicit declaration of function 'NRF24_Read_Buf'; did you mean 'NRF24_ReadReg'? [-Wimplicit-function-declaration]
    NRF24_Read_Buf (TX_ADDR, buffer, TX_ADR_WIDTH);
    ^~~~~~~~~~~~~~
    NRF24_ReadReg
../Core/Src/main.c: At top level:
../Core/Src/main.c:427:6: warning: conflicting types for 'NRF24_Read_Buf'
 void NRF24_Read_Buf (uint8_t address, uint8_t *pBuf, uint8_t bytes)
      ^~~~~~~~~~~~~~
../Core/Src/main.c:142:4: note: previous implicit declaration of 'NRF24_Read_Buf' was here
    NRF24_Read_Buf (TX_ADDR, buffer, TX_ADR_WIDTH);
    ^~~~~~~~~~~~~~
arm-none-eabi-gcc -o "f103_NRF.elf" @"objects.list"   -mcpu=cortex-m3 -T"D:\my docs\projects\stm32\cube\f103_NRF\STM32F103C8TX_FLASH.ld" --specs=nosys.specs -Wl,-Map="f103_NRF.map" -Wl,--gc-sections -static --specs=nano.specs -mfloat-abi=soft -mthumb -Wl,--start-group -lc -lm -Wl,--end-group
Finished building target: f103_NRF.elf
 
arm-none-eabi-objdump -h -S  f103_NRF.elf  > "f103_NRF.list"
arm-none-eabi-objcopy  -O binary  f103_NRF.elf  "f103_NRF.bin"
arm-none-eabi-size   f103_NRF.elf 
   text	   data	    bss	    dec	    hex	filename
  15332	    136	   2664	  18132	   46d4	f103_NRF.elf
Finished building: default.size.stdout
Finished building: f103_NRF.bin
 
 
Finished building: f103_NRF.list
 

15:06:30 Build Finished. 0 errors, 2 warnings. (took 4s.731ms)

