16:12:58 **** Incremental Build of configuration Debug for project f103_pwm_DMA ****
make -j8 all 
arm-none-eabi-gcc "../Core/Src/main.c" -mcpu=cortex-m3 -g3 -DDEBUG -DUSE_HAL_DRIVER -DSTM32F103xB -c -I../Drivers/CMSIS/Device/ST/STM32F1xx/Include -I../Drivers/CMSIS/Include -I../Core/Inc -I../Drivers/STM32F1xx_HAL_Driver/Inc/Legacy -I../Drivers/STM32F1xx_HAL_Driver/Inc -O0 -ffunction-sections -fdata-sections -Wall -fstack-usage -MMD -MP -MF"Core/Src/main.d" -MT"Core/Src/main.o" --specs=nano.specs -mfloat-abi=soft -mthumb -o "Core/Src/main.o"
arm-none-eabi-gcc -o "f103_pwm_DMA.elf" @"objects.list"   -mcpu=cortex-m3 -T"D:\projects\stm32-rep\cube\f103_pwm_DMA\STM32F103C8TX_FLASH.ld" --specs=nosys.specs -Wl,-Map="f103_pwm_DMA.map" -Wl,--gc-sections -static --specs=nano.specs -mfloat-abi=soft -mthumb -Wl,--start-group -lc -lm -Wl,--end-group
Finished building target: f103_pwm_DMA.elf
 
arm-none-eabi-objdump -h -S  f103_pwm_DMA.elf  > "f103_pwm_DMA.list"
arm-none-eabi-objcopy  -O binary  f103_pwm_DMA.elf  "f103_pwm_DMA.bin"
arm-none-eabi-size   f103_pwm_DMA.elf 
   text	   data	    bss	    dec	    hex	filename
  16460	    920	   1936	  19316	   4b74	f103_pwm_DMA.elf
Finished building: default.size.stdout
 
Finished building: f103_pwm_DMA.bin
 
Finished building: f103_pwm_DMA.list
 
