17:18:06 **** Incremental Build of configuration Debug for project usb_HID ****
make -j8 all 
arm-none-eabi-gcc "../Core/Src/main.c" -mcpu=cortex-m4 -std=gnu11 -g3 -DUSE_HAL_DRIVER -DDEBUG -DSTM32F407xx -c -I../USB_DEVICE/Target -I../Middlewares/ST/STM32_USB_Device_Library/Class/CustomHID/Inc -I../Drivers/CMSIS/Include -I../Drivers/STM32F4xx_HAL_Driver/Inc -I../Core/Inc -I../USB_DEVICE/App -I../Drivers/CMSIS/Device/ST/STM32F4xx/Include -I../Middlewares/ST/STM32_USB_Device_Library/Core/Inc -I../Drivers/STM32F4xx_HAL_Driver/Inc/Legacy -I../Middlewares/ST/STM32_USB_Device_Library/Class/HID/Inc -O0 -ffunction-sections -fdata-sections -Wall -fstack-usage -MMD -MP -MF"Core/Src/main.d" -MT"Core/Src/main.o" --specs=nano.specs -mfpu=fpv4-sp-d16 -mfloat-abi=hard -mthumb -o "Core/Src/main.o"
arm-none-eabi-gcc -o "usb_HID.elf" @"objects.list"   -mcpu=cortex-m4 -T"D:\my docs\projects\stm32\cube\usb_HID\STM32F407VGTX_FLASH.ld" --specs=nosys.specs -Wl,-Map="usb_HID.map" -Wl,--gc-sections -static --specs=nano.specs -mfpu=fpv4-sp-d16 -mfloat-abi=hard -mthumb -Wl,--start-group -lc -lm -Wl,--end-group
Finished building target: usb_HID.elf
 
arm-none-eabi-objdump -h -S  usb_HID.elf  > "usb_HID.list"
arm-none-eabi-objcopy  -O binary  usb_HID.elf  "usb_HID.bin"
arm-none-eabi-size   usb_HID.elf 
   text	   data	    bss	    dec	    hex	filename
  24444	    464	   3808	  28716	   702c	usb_HID.elf
Finished building: default.size.stdout
 
Finished building: usb_HID.bin
 
Finished building: usb_HID.list
 

17:18:07 Build Finished. 0 errors, 0 warnings. (took 1s.260ms)

