Archive member included to satisfy reference by file (symbol)

c:/st/stm32cubeide_1.6.1/stm32cubeide/plugins/com.st.stm32cube.ide.mcu.externaltools.gnu-tools-for-stm32.9-2020-q2-update.win32_1.5.0.202011040924/tools/bin/../lib/gcc/arm-none-eabi/9.3.1/../../../../arm-none-eabi/lib/thumb/v7-m/nofp\libc_nano.a(lib_a-errno.o)
                              Core/Src/syscalls.o (__errno)
c:/st/stm32cubeide_1.6.1/stm32cubeide/plugins/com.st.stm32cube.ide.mcu.externaltools.gnu-tools-for-stm32.9-2020-q2-update.win32_1.5.0.202011040924/tools/bin/../lib/gcc/arm-none-eabi/9.3.1/../../../../arm-none-eabi/lib/thumb/v7-m/nofp\libc_nano.a(lib_a-exit.o)
                              c:/st/stm32cubeide_1.6.1/stm32cubeide/plugins/com.st.stm32cube.ide.mcu.externaltools.gnu-tools-for-stm32.9-2020-q2-update.win32_1.5.0.202011040924/tools/bin/../lib/gcc/arm-none-eabi/9.3.1/../../../../arm-none-eabi/lib/thumb/v7-m/nofp/crt0.o (exit)
c:/st/stm32cubeide_1.6.1/stm32cubeide/plugins/com.st.stm32cube.ide.mcu.externaltools.gnu-tools-for-stm32.9-2020-q2-update.win32_1.5.0.202011040924/tools/bin/../lib/gcc/arm-none-eabi/9.3.1/../../../../arm-none-eabi/lib/thumb/v7-m/nofp\libc_nano.a(lib_a-impure.o)
                              c:/st/stm32cubeide_1.6.1/stm32cubeide/plugins/com.st.stm32cube.ide.mcu.externaltools.gnu-tools-for-stm32.9-2020-q2-update.win32_1.5.0.202011040924/tools/bin/../lib/gcc/arm-none-eabi/9.3.1/../../../../arm-none-eabi/lib/thumb/v7-m/nofp\libc_nano.a(lib_a-exit.o) (_global_impure_ptr)
c:/st/stm32cubeide_1.6.1/stm32cubeide/plugins/com.st.stm32cube.ide.mcu.externaltools.gnu-tools-for-stm32.9-2020-q2-update.win32_1.5.0.202011040924/tools/bin/../lib/gcc/arm-none-eabi/9.3.1/../../../../arm-none-eabi/lib/thumb/v7-m/nofp\libc_nano.a(lib_a-init.o)
                              c:/st/stm32cubeide_1.6.1/stm32cubeide/plugins/com.st.stm32cube.ide.mcu.externaltools.gnu-tools-for-stm32.9-2020-q2-update.win32_1.5.0.202011040924/tools/bin/../lib/gcc/arm-none-eabi/9.3.1/../../../../arm-none-eabi/lib/thumb/v7-m/nofp/crt0.o (__libc_init_array)
c:/st/stm32cubeide_1.6.1/stm32cubeide/plugins/com.st.stm32cube.ide.mcu.externaltools.gnu-tools-for-stm32.9-2020-q2-update.win32_1.5.0.202011040924/tools/bin/../lib/gcc/arm-none-eabi/9.3.1/../../../../arm-none-eabi/lib/thumb/v7-m/nofp\libc_nano.a(lib_a-memset.o)
                              c:/st/stm32cubeide_1.6.1/stm32cubeide/plugins/com.st.stm32cube.ide.mcu.externaltools.gnu-tools-for-stm32.9-2020-q2-update.win32_1.5.0.202011040924/tools/bin/../lib/gcc/arm-none-eabi/9.3.1/../../../../arm-none-eabi/lib/thumb/v7-m/nofp/crt0.o (memset)
c:/st/stm32cubeide_1.6.1/stm32cubeide/plugins/com.st.stm32cube.ide.mcu.externaltools.gnu-tools-for-stm32.9-2020-q2-update.win32_1.5.0.202011040924/tools/bin/../lib/gcc/arm-none-eabi/9.3.1/../../../../arm-none-eabi/lib/thumb/v7-m/nofp\libc_nano.a(lib_a-sprintf.o)
                              Core/Src/main.o (sprintf)
c:/st/stm32cubeide_1.6.1/stm32cubeide/plugins/com.st.stm32cube.ide.mcu.externaltools.gnu-tools-for-stm32.9-2020-q2-update.win32_1.5.0.202011040924/tools/bin/../lib/gcc/arm-none-eabi/9.3.1/../../../../arm-none-eabi/lib/thumb/v7-m/nofp\libc_nano.a(lib_a-strlen.o)
                              Core/Src/main.o (strlen)
c:/st/stm32cubeide_1.6.1/stm32cubeide/plugins/com.st.stm32cube.ide.mcu.externaltools.gnu-tools-for-stm32.9-2020-q2-update.win32_1.5.0.202011040924/tools/bin/../lib/gcc/arm-none-eabi/9.3.1/../../../../arm-none-eabi/lib/thumb/v7-m/nofp\libc_nano.a(lib_a-nano-svfprintf.o)
                              c:/st/stm32cubeide_1.6.1/stm32cubeide/plugins/com.st.stm32cube.ide.mcu.externaltools.gnu-tools-for-stm32.9-2020-q2-update.win32_1.5.0.202011040924/tools/bin/../lib/gcc/arm-none-eabi/9.3.1/../../../../arm-none-eabi/lib/thumb/v7-m/nofp\libc_nano.a(lib_a-sprintf.o) (_svfprintf_r)
c:/st/stm32cubeide_1.6.1/stm32cubeide/plugins/com.st.stm32cube.ide.mcu.externaltools.gnu-tools-for-stm32.9-2020-q2-update.win32_1.5.0.202011040924/tools/bin/../lib/gcc/arm-none-eabi/9.3.1/../../../../arm-none-eabi/lib/thumb/v7-m/nofp\libc_nano.a(lib_a-nano-vfprintf_i.o)
                              c:/st/stm32cubeide_1.6.1/stm32cubeide/plugins/com.st.stm32cube.ide.mcu.externaltools.gnu-tools-for-stm32.9-2020-q2-update.win32_1.5.0.202011040924/tools/bin/../lib/gcc/arm-none-eabi/9.3.1/../../../../arm-none-eabi/lib/thumb/v7-m/nofp\libc_nano.a(lib_a-nano-svfprintf.o) (_printf_i)
c:/st/stm32cubeide_1.6.1/stm32cubeide/plugins/com.st.stm32cube.ide.mcu.externaltools.gnu-tools-for-stm32.9-2020-q2-update.win32_1.5.0.202011040924/tools/bin/../lib/gcc/arm-none-eabi/9.3.1/../../../../arm-none-eabi/lib/thumb/v7-m/nofp\libc_nano.a(lib_a-memchr-stub.o)
                              c:/st/stm32cubeide_1.6.1/stm32cubeide/plugins/com.st.stm32cube.ide.mcu.externaltools.gnu-tools-for-stm32.9-2020-q2-update.win32_1.5.0.202011040924/tools/bin/../lib/gcc/arm-none-eabi/9.3.1/../../../../arm-none-eabi/lib/thumb/v7-m/nofp\libc_nano.a(lib_a-nano-svfprintf.o) (memchr)
[...]
Memory Configuration

Name             Origin             Length             Attributes
RAM              0x0000000020000000 0x0000000000005000 xrw
FLASH            0x0000000008000000 0x0000000000010000 xr
*default*        0x0000000000000000 0xffffffffffffffff

Linker script and memory map

LOAD c:/st/stm32cubeide_1.6.1/stm32cubeide/plugins/com.st.stm32cube.ide.mcu.externaltools.gnu-tools-for-stm32.9-2020-q2-update.win32_1.5.0.202011040924/tools/bin/../lib/gcc/arm-none-eabi/9.3.1/thumb/v7-m/nofp/crti.o
LOAD c:/st/stm32cubeide_1.6.1/stm32cubeide/plugins/com.st.stm32cube.ide.mcu.externaltools.gnu-tools-for-stm32.9-2020-q2-update.win32_1.5.0.202011040924/tools/bin/../lib/gcc/arm-none-eabi/9.3.1/thumb/v7-m/nofp/crtbegin.o
LOAD c:/st/stm32cubeide_1.6.1/stm32cubeide/plugins/com.st.stm32cube.ide.mcu.externaltools.gnu-tools-for-stm32.9-2020-q2-update.win32_1.5.0.202011040924/tools/bin/../lib/gcc/arm-none-eabi/9.3.1/../../../../arm-none-eabi/lib/thumb/v7-m/nofp/crt0.o
LOAD Core/Src/main.o
LOAD Core/Src/stm32f1xx_hal_msp.o
LOAD Core/Src/stm32f1xx_it.o
LOAD Core/Src/syscalls.o
LOAD Core/Src/sysmem.o
LOAD Core/Src/system_stm32f1xx.o
LOAD Core/Startup/startup_stm32f103c8tx.o
LOAD Drivers/STM32F1xx_HAL_Driver/Src/stm32f1xx_hal.o
LOAD Drivers/STM32F1xx_HAL_Driver/Src/stm32f1xx_hal_cortex.o
LOAD Drivers/STM32F1xx_HAL_Driver/Src/stm32f1xx_hal_dma.o
LOAD Drivers/STM32F1xx_HAL_Driver/Src/stm32f1xx_hal_exti.o
LOAD Drivers/STM32F1xx_HAL_Driver/Src/stm32f1xx_hal_flash.o
LOAD Drivers/STM32F1xx_HAL_Driver/Src/stm32f1xx_hal_flash_ex.o
LOAD Drivers/STM32F1xx_HAL_Driver/Src/stm32f1xx_hal_gpio.o
LOAD Drivers/STM32F1xx_HAL_Driver/Src/stm32f1xx_hal_gpio_ex.o
LOAD Drivers/STM32F1xx_HAL_Driver/Src/stm32f1xx_hal_pwr.o
LOAD Drivers/STM32F1xx_HAL_Driver/Src/stm32f1xx_hal_rcc.o
LOAD Drivers/STM32F1xx_HAL_Driver/Src/stm32f1xx_hal_rcc_ex.o
LOAD Drivers/STM32F1xx_HAL_Driver/Src/stm32f1xx_hal_spi.o
LOAD Drivers/STM32F1xx_HAL_Driver/Src/stm32f1xx_hal_tim.o
LOAD Drivers/STM32F1xx_HAL_Driver/Src/stm32f1xx_hal_tim_ex.o
LOAD Drivers/STM32F1xx_HAL_Driver/Src/stm32f1xx_hal_uart.o
START GROUP
LOAD c:/st/stm32cubeide_1.6.1/stm32cubeide/plugins/com.st.stm32cube.ide.mcu.externaltools.gnu-tools-for-stm32.9-2020-q2-update.win32_1.5.0.202011040924/tools/bin/../lib/gcc/arm-none-eabi/9.3.1/../../../../arm-none-eabi/lib/thumb/v7-m/nofp\libc_nano.a
LOAD c:/st/stm32cubeide_1.6.1/stm32cubeide/plugins/com.st.stm32cube.ide.mcu.externaltools.gnu-tools-for-stm32.9-2020-q2-update.win32_1.5.0.202011040924/tools/bin/../lib/gcc/arm-none-eabi/9.3.1/../../../../arm-none-eabi/lib/thumb/v7-m/nofp\libm.a
END GROUP
START GROUP
LOAD c:/st/stm32cubeide_1.6.1/stm32cubeide/plugins/com.st.stm32cube.ide.mcu.externaltools.gnu-tools-for-stm32.9-2020-q2-update.win32_1.5.0.202011040924/tools/bin/../lib/gcc/arm-none-eabi/9.3.1/thumb/v7-m/nofp\libgcc.a
LOAD c:/st/stm32cubeide_1.6.1/stm32cubeide/plugins/com.st.stm32cube.ide.mcu.externaltools.gnu-tools-for-stm32.9-2020-q2-update.win32_1.5.0.202011040924/tools/bin/../lib/gcc/arm-none-eabi/9.3.1/../../../../arm-none-eabi/lib/thumb/v7-m/nofp\libc_nano.a
END GROUP
START GROUP
LOAD c:/st/stm32cubeide_1.6.1/stm32cubeide/plugins/com.st.stm32cube.ide.mcu.externaltools.gnu-tools-for-stm32.9-2020-q2-update.win32_1.5.0.202011040924/tools/bin/../lib/gcc/arm-none-eabi/9.3.1/thumb/v7-m/nofp\libgcc.a
LOAD c:/st/stm32cubeide_1.6.1/stm32cubeide/plugins/com.st.stm32cube.ide.mcu.externaltools.gnu-tools-for-stm32.9-2020-q2-update.win32_1.5.0.202011040924/tools/bin/../lib/gcc/arm-none-eabi/9.3.1/../../../../arm-none-eabi/lib/thumb/v7-m/nofp\libc_nano.a
LOAD c:/st/stm32cubeide_1.6.1/stm32cubeide/plugins/com.st.stm32cube.ide.mcu.externaltools.gnu-tools-for-stm32.9-2020-q2-update.win32_1.5.0.202011040924/tools/bin/../lib/gcc/arm-none-eabi/9.3.1/../../../../arm-none-eabi/lib/thumb/v7-m/nofp\libnosys.a
END GROUP
START GROUP
LOAD c:/st/stm32cubeide_1.6.1/stm32cubeide/plugins/com.st.stm32cube.ide.mcu.externaltools.gnu-tools-for-stm32.9-2020-q2-update.win32_1.5.0.202011040924/tools/bin/../lib/gcc/arm-none-eabi/9.3.1/thumb/v7-m/nofp\libgcc.a
LOAD c:/st/stm32cubeide_1.6.1/stm32cubeide/plugins/com.st.stm32cube.ide.mcu.externaltools.gnu-tools-for-stm32.9-2020-q2-update.win32_1.5.0.202011040924/tools/bin/../lib/gcc/arm-none-eabi/9.3.1/../../../../arm-none-eabi/lib/thumb/v7-m/nofp\libc_nano.a
LOAD c:/st/stm32cubeide_1.6.1/stm32cubeide/plugins/com.st.stm32cube.ide.mcu.externaltools.gnu-tools-for-stm32.9-2020-q2-update.win32_1.5.0.202011040924/tools/bin/../lib/gcc/arm-none-eabi/9.3.1/../../../../arm-none-eabi/lib/thumb/v7-m/nofp\libnosys.a
END GROUP
LOAD c:/st/stm32cubeide_1.6.1/stm32cubeide/plugins/com.st.stm32cube.ide.mcu.externaltools.gnu-tools-for-stm32.9-2020-q2-update.win32_1.5.0.202011040924/tools/bin/../lib/gcc/arm-none-eabi/9.3.1/thumb/v7-m/nofp/crtend.o
LOAD c:/st/stm32cubeide_1.6.1/stm32cubeide/plugins/com.st.stm32cube.ide.mcu.externaltools.gnu-tools-for-stm32.9-2020-q2-update.win32_1.5.0.202011040924/tools/bin/../lib/gcc/arm-none-eabi/9.3.1/thumb/v7-m/nofp/crtn.o
                0x0000000020005000                _estack = (ORIGIN (RAM) + LENGTH (RAM))
                0x0000000000000200                _Min_Heap_Size = 0x200
                0x0000000000000400                _Min_Stack_Size = 0x400

.isr_vector     0x0000000008000000      0x10c
                0x0000000008000000                . = ALIGN (0x4)
 *(.isr_vector)
 .isr_vector    0x0000000008000000      0x10c Core/Startup/startup_stm32f103c8tx.o
                0x0000000008000000                g_pfnVectors
                0x000000000800010c                . = ALIGN (0x4)

.text           0x000000000800010c     0x29b8
                0x000000000800010c                . = ALIGN (0x4)
 *(.text)
 .text          0x000000000800010c       0x40 c:/st/stm32cubeide_1.6.1/stm32cubeide/plugins/com.st.stm32cube.ide.mcu.externaltools.gnu-tools-for-stm32.9-2020-q2-update.win32_1.5.0.202011040924/tools/bin/../lib/gcc/arm-none-eabi/9.3.1/thumb/v7-m/nofp/crtbegin.o
 .text          0x000000000800014c       0x10 c:/st/stm32cubeide_1.6.1/stm32cubeide/plugins/com.st.stm32cube.ide.mcu.externaltools.gnu-tools-for-stm32.9-2020-q2-update.win32_1.5.0.202011040924/tools/bin/../lib/gcc/arm-none-eabi/9.3.1/../../../../arm-none-eabi/lib/thumb/v7-m/nofp\libc_nano.a(lib_a-strlen.o)
                0x000000000800014c                strlen
 *(.text*)
 .text.main     0x000000000800015c       0xd4 Core/Src/main.o
                0x000000000800015c                main
 .text.SystemClock_Config
                0x0000000008000230       0x8c Core/Src/main.o
                0x0000000008000230                SystemClock_Config
 .text.MX_SPI1_Init
                0x00000000080002bc       0x6c Core/Src/main.o
 .text.MX_USART1_UART_Init
                0x0000000008000328       0x54 Core/Src/main.o
 .text.MX_GPIO_Init
                0x000000000800037c       0xc0 Core/Src/main.o
 .text.Error_Handler
                0x000000000800043c        0xa Core/Src/main.o
                0x000000000800043c                Error_Handler
 *fill*         0x0000000008000446        0x2 
 .text.HAL_MspInit
                0x0000000008000448       0x64 Core/Src/stm32f1xx_hal_msp.o
                0x0000000008000448                HAL_MspInit
 .text.HAL_SPI_MspInit
                0x00000000080004ac       0xa4 Core/Src/stm32f1xx_hal_msp.o
                0x00000000080004ac                HAL_SPI_MspInit
 .text.HAL_UART_MspInit
                0x0000000008000550       0x98 Core/Src/stm32f1xx_hal_msp.o
                0x0000000008000550                HAL_UART_MspInit
 .text.NMI_Handler
                0x00000000080005e8        0x6 Core/Src/stm32f1xx_it.o
                0x00000000080005e8                NMI_Handler
 .text.HardFault_Handler
                0x00000000080005ee        0x6 Core/Src/stm32f1xx_it.o
                0x00000000080005ee                HardFault_Handler
 .text.MemManage_Handler
                0x00000000080005f4        0x6 Core/Src/stm32f1xx_it.o
                0x00000000080005f4                MemManage_Handler
 .text.BusFault_Handler
                0x00000000080005fa        0x6 Core/Src/stm32f1xx_it.o
                0x00000000080005fa                BusFault_Handler
 .text.UsageFault_Handler
                0x0000000008000600        0x6 Core/Src/stm32f1xx_it.o
                0x0000000008000600                UsageFault_Handler
 .text.SVC_Handler
                0x0000000008000606        0xc Core/Src/stm32f1xx_it.o
                0x0000000008000606                SVC_Handler
 .text.DebugMon_Handler
                0x0000000008000612        0xc Core/Src/stm32f1xx_it.o
                0x0000000008000612                DebugMon_Handler
 .text.PendSV_Handler
                0x000000000800061e        0xc Core/Src/stm32f1xx_it.o
                0x000000000800061e                PendSV_Handler
 .text.SysTick_Handler
                0x000000000800062a        0xc Core/Src/stm32f1xx_it.o
                0x000000000800062a                SysTick_Handler
 *fill*         0x0000000008000636        0x2 
 .text.SPI1_IRQHandler
                0x0000000008000638       0x14 Core/Src/stm32f1xx_it.o
                0x0000000008000638                SPI1_IRQHandler
 .text._sbrk    0x000000000800064c       0x6c Core/Src/sysmem.o
                0x000000000800064c                _sbrk
 .text.SystemInit
                0x00000000080006b8        0xc Core/Src/system_stm32f1xx.o
                0x00000000080006b8                SystemInit
 .text.Reset_Handler
                0x00000000080006c4       0x48 Core/Startup/startup_stm32f103c8tx.o
                0x00000000080006c4                Reset_Handler
 .text.Default_Handler
                0x000000000800070c        0x2 Core/Startup/startup_stm32f103c8tx.o
                0x000000000800070c                RTC_Alarm_IRQHandler
                0x000000000800070c                EXTI2_IRQHandler
                0x000000000800070c                TIM1_CC_IRQHandler
                0x000000000800070c                PVD_IRQHandler
                0x000000000800070c                EXTI3_IRQHandler
                0x000000000800070c                EXTI0_IRQHandler
                0x000000000800070c                I2C2_EV_IRQHandler
                0x000000000800070c                ADC1_2_IRQHandler
                0x000000000800070c                TAMPER_IRQHandler
                0x000000000800070c                DMA1_Channel4_IRQHandler
                0x000000000800070c                USART3_IRQHandler
                0x000000000800070c                RTC_IRQHandler
                0x000000000800070c                DMA1_Channel7_IRQHandler
                0x000000000800070c                CAN1_RX1_IRQHandler
                0x000000000800070c                TIM4_IRQHandler
                0x000000000800070c                I2C1_EV_IRQHandler
                0x000000000800070c                DMA1_Channel6_IRQHandler
                0x000000000800070c                TIM3_IRQHandler
                0x000000000800070c                RCC_IRQHandler
                0x000000000800070c                TIM1_TRG_COM_IRQHandler
                0x000000000800070c                DMA1_Channel1_IRQHandler
                0x000000000800070c                Default_Handler
                0x000000000800070c                EXTI15_10_IRQHandler
                0x000000000800070c                EXTI9_5_IRQHandler
                0x000000000800070c                SPI2_IRQHandler
                0x000000000800070c                DMA1_Channel5_IRQHandler
                0x000000000800070c                EXTI4_IRQHandler
                0x000000000800070c                USB_LP_CAN1_RX0_IRQHandler
                0x000000000800070c                USB_HP_CAN1_TX_IRQHandler
                0x000000000800070c                DMA1_Channel3_IRQHandler
                0x000000000800070c                TIM1_UP_IRQHandler
                0x000000000800070c                WWDG_IRQHandler
                0x000000000800070c                TIM2_IRQHandler
                0x000000000800070c                TIM1_BRK_IRQHandler
                0x000000000800070c                EXTI1_IRQHandler
                0x000000000800070c                USART2_IRQHandler
                0x000000000800070c                I2C2_ER_IRQHandler
                0x000000000800070c                DMA1_Channel2_IRQHandler
                0x000000000800070c                CAN1_SCE_IRQHandler
                0x000000000800070c                FLASH_IRQHandler
                0x000000000800070c                USART1_IRQHandler
                0x000000000800070c                I2C1_ER_IRQHandler
                0x000000000800070c                USBWakeUp_IRQHandler
 *fill*         0x000000000800070e        0x2 
 .text.HAL_Init
                0x0000000008000710       0x2c Drivers/STM32F1xx_HAL_Driver/Src/stm32f1xx_hal.o
                0x0000000008000710                HAL_Init
 .text.HAL_InitTick
                0x000000000800073c       0x60 Drivers/STM32F1xx_HAL_Driver/Src/stm32f1xx_hal.o
                0x000000000800073c                HAL_InitTick
 .text.HAL_IncTick
                0x000000000800079c       0x24 Drivers/STM32F1xx_HAL_Driver/Src/stm32f1xx_hal.o
                0x000000000800079c                HAL_IncTick
 .text.HAL_GetTick
                0x00000000080007c0       0x14 Drivers/STM32F1xx_HAL_Driver/Src/stm32f1xx_hal.o
                0x00000000080007c0                HAL_GetTick
 .text.HAL_Delay
                0x00000000080007d4       0x48 Drivers/STM32F1xx_HAL_Driver/Src/stm32f1xx_hal.o
                0x00000000080007d4                HAL_Delay
 .text.__NVIC_SetPriorityGrouping
                0x000000000800081c       0x48 Drivers/STM32F1xx_HAL_Driver/Src/stm32f1xx_hal_cortex.o
 .text.__NVIC_GetPriorityGrouping
                0x0000000008000864       0x1c Drivers/STM32F1xx_HAL_Driver/Src/stm32f1xx_hal_cortex.o
 .text.__NVIC_EnableIRQ
                0x0000000008000880       0x38 Drivers/STM32F1xx_HAL_Driver/Src/stm32f1xx_hal_cortex.o
 .text.__NVIC_SetPriority
                0x00000000080008b8       0x54 Drivers/STM32F1xx_HAL_Driver/Src/stm32f1xx_hal_cortex.o
 .text.NVIC_EncodePriority
                0x000000000800090c       0x64 Drivers/STM32F1xx_HAL_Driver/Src/stm32f1xx_hal_cortex.o
 .text.SysTick_Config
                0x0000000008000970       0x44 Drivers/STM32F1xx_HAL_Driver/Src/stm32f1xx_hal_cortex.o
 .text.HAL_NVIC_SetPriorityGrouping
                0x00000000080009b4       0x16 Drivers/STM32F1xx_HAL_Driver/Src/stm32f1xx_hal_cortex.o
                0x00000000080009b4                HAL_NVIC_SetPriorityGrouping
 .text.HAL_NVIC_SetPriority
                0x00000000080009ca       0x38 Drivers/STM32F1xx_HAL_Driver/Src/stm32f1xx_hal_cortex.o
                0x00000000080009ca                HAL_NVIC_SetPriority
 .text.HAL_NVIC_EnableIRQ
                0x0000000008000a02       0x1c Drivers/STM32F1xx_HAL_Driver/Src/stm32f1xx_hal_cortex.o
                0x0000000008000a02                HAL_NVIC_EnableIRQ
 .text.HAL_SYSTICK_Config
                0x0000000008000a1e       0x18 Drivers/STM32F1xx_HAL_Driver/Src/stm32f1xx_hal_cortex.o
                0x0000000008000a1e                HAL_SYSTICK_Config
 *fill*         0x0000000008000a36        0x2 
 .text.HAL_DMA_Abort_IT
                0x0000000008000a38       0xec Drivers/STM32F1xx_HAL_Driver/Src/stm32f1xx_hal_dma.o
                0x0000000008000a38                HAL_DMA_Abort_IT
 .text.HAL_GPIO_Init
                0x0000000008000b24      0x308 Drivers/STM32F1xx_HAL_Driver/Src/stm32f1xx_hal_gpio.o
                0x0000000008000b24                HAL_GPIO_Init
 .text.HAL_GPIO_WritePin
                0x0000000008000e2c       0x30 Drivers/STM32F1xx_HAL_Driver/Src/stm32f1xx_hal_gpio.o
                0x0000000008000e2c                HAL_GPIO_WritePin
 .text.HAL_GPIO_TogglePin
                0x0000000008000e5c       0x32 Drivers/STM32F1xx_HAL_Driver/Src/stm32f1xx_hal_gpio.o
                0x0000000008000e5c                HAL_GPIO_TogglePin
 *fill*         0x0000000008000e8e        0x2 
 .text.HAL_RCC_OscConfig
                0x0000000008000e90      0x500 Drivers/STM32F1xx_HAL_Driver/Src/stm32f1xx_hal_rcc.o
                0x0000000008000e90                HAL_RCC_OscConfig
 .text.HAL_RCC_ClockConfig
                0x0000000008001390      0x1d4 Drivers/STM32F1xx_HAL_Driver/Src/stm32f1xx_hal_rcc.o
                0x0000000008001390                HAL_RCC_ClockConfig
 .text.HAL_RCC_GetSysClockFreq
                0x0000000008001564       0xc0 Drivers/STM32F1xx_HAL_Driver/Src/stm32f1xx_hal_rcc.o
                0x0000000008001564                HAL_RCC_GetSysClockFreq
 .text.HAL_RCC_GetHCLKFreq
                0x0000000008001624       0x14 Drivers/STM32F1xx_HAL_Driver/Src/stm32f1xx_hal_rcc.o
                0x0000000008001624                HAL_RCC_GetHCLKFreq
 .text.HAL_RCC_GetPCLK1Freq
                0x0000000008001638       0x28 Drivers/STM32F1xx_HAL_Driver/Src/stm32f1xx_hal_rcc.o
                0x0000000008001638                HAL_RCC_GetPCLK1Freq
 .text.HAL_RCC_GetPCLK2Freq
                0x0000000008001660       0x28 Drivers/STM32F1xx_HAL_Driver/Src/stm32f1xx_hal_rcc.o
                0x0000000008001660                HAL_RCC_GetPCLK2Freq
 .text.RCC_Delay
                0x0000000008001688       0x3c Drivers/STM32F1xx_HAL_Driver/Src/stm32f1xx_hal_rcc.o
 .text.HAL_SPI_Init
                0x00000000080016c4      0x108 Drivers/STM32F1xx_HAL_Driver/Src/stm32f1xx_hal_spi.o
                0x00000000080016c4                HAL_SPI_Init
 .text.HAL_SPI_TransmitReceive
                0x00000000080017cc      0x344 Drivers/STM32F1xx_HAL_Driver/Src/stm32f1xx_hal_spi.o
                0x00000000080017cc                HAL_SPI_TransmitReceive
 .text.HAL_SPI_IRQHandler
                0x0000000008001b10      0x1cc Drivers/STM32F1xx_HAL_Driver/Src/stm32f1xx_hal_spi.o
                0x0000000008001b10                HAL_SPI_IRQHandler
 .text.HAL_SPI_ErrorCallback
                0x0000000008001cdc       0x12 Drivers/STM32F1xx_HAL_Driver/Src/stm32f1xx_hal_spi.o
                0x0000000008001cdc                HAL_SPI_ErrorCallback
 .text.SPI_DMAAbortOnError
                0x0000000008001cee       0x28 Drivers/STM32F1xx_HAL_Driver/Src/stm32f1xx_hal_spi.o
 *fill*         0x0000000008001d16        0x2 
 .text.SPI_WaitFlagStateUntilTimeout
                0x0000000008001d18      0x110 Drivers/STM32F1xx_HAL_Driver/Src/stm32f1xx_hal_spi.o
 .text.SPI_EndRxTxTransaction
                0x0000000008001e28       0x3c Drivers/STM32F1xx_HAL_Driver/Src/stm32f1xx_hal_spi.o
 .text.HAL_UART_Init
                0x0000000008001e64       0x9a Drivers/STM32F1xx_HAL_Driver/Src/stm32f1xx_hal_uart.o
                0x0000000008001e64                HAL_UART_Init
 .text.HAL_UART_Transmit
                0x0000000008001efe      0x124 Drivers/STM32F1xx_HAL_Driver/Src/stm32f1xx_hal_uart.o
                0x0000000008001efe                HAL_UART_Transmit
 .text.UART_WaitOnFlagUntilTimeout
                0x0000000008002022       0x94 Drivers/STM32F1xx_HAL_Driver/Src/stm32f1xx_hal_uart.o
 *fill*         0x00000000080020b6        0x2 
 .text.UART_SetConfig
                0x00000000080020b8      0x11c Drivers/STM32F1xx_HAL_Driver/Src/stm32f1xx_hal_uart.o
 .text.__errno  0x00000000080021d4        0xc c:/st/stm32cubeide_1.6.1/stm32cubeide/plugins/com.st.stm32cube.ide.mcu.externaltools.gnu-tools-for-stm32.9-2020-q2-update.win32_1.5.0.202011040924/tools/bin/../lib/gcc/arm-none-eabi/9.3.1/../../../../arm-none-eabi/lib/thumb/v7-m/nofp\libc_nano.a(lib_a-errno.o)
                0x00000000080021d4                __errno
 .text.__libc_init_array
                0x00000000080021e0       0x48 c:/st/stm32cubeide_1.6.1/stm32cubeide/plugins/com.st.stm32cube.ide.mcu.externaltools.gnu-tools-for-stm32.9-2020-q2-update.win32_1.5.0.202011040924/tools/bin/../lib/gcc/arm-none-eabi/9.3.1/../../../../arm-none-eabi/lib/thumb/v7-m/nofp\libc_nano.a(lib_a-init.o)
                0x00000000080021e0                __libc_init_array
 .text.memset   0x0000000008002228       0x10 c:/st/stm32cubeide_1.6.1/stm32cubeide/plugins/com.st.stm32cube.ide.mcu.externaltools.gnu-tools-for-stm32.9-2020-q2-update.win32_1.5.0.202011040924/tools/bin/../lib/gcc/arm-none-eabi/9.3.1/../../../../arm-none-eabi/lib/thumb/v7-m/nofp\libc_nano.a(lib_a-memset.o)
                0x0000000008002228                memset
 .text.sprintf  0x0000000008002238       0x40 c:/st/stm32cubeide_1.6.1/stm32cubeide/plugins/com.st.stm32cube.ide.mcu.externaltools.gnu-tools-for-stm32.9-2020-q2-update.win32_1.5.0.202011040924/tools/bin/../lib/gcc/arm-none-eabi/9.3.1/../../../../arm-none-eabi/lib/thumb/v7-m/nofp\libc_nano.a(lib_a-sprintf.o)
                0x0000000008002238                siprintf
                0x0000000008002238                sprintf
 .text.__ssputs_r
                0x0000000008002278       0xb6 c:/st/stm32cubeide_1.6.1/stm32cubeide/plugins/com.st.stm32cube.ide.mcu.externaltools.gnu-tools-for-stm32.9-2020-q2-update.win32_1.5.0.202011040924/tools/bin/../lib/gcc/arm-none-eabi/9.3.1/../../../../arm-none-eabi/lib/thumb/v7-m/nofp\libc_nano.a(lib_a-nano-svfprintf.o)
                0x0000000008002278                __ssputs_r
 *fill*         0x000000000800232e        0x2 
 .text._svfprintf_r
                0x0000000008002330      0x200 c:/st/stm32cubeide_1.6.1/stm32cubeide/plugins/com.st.stm32cube.ide.mcu.externaltools.gnu-tools-for-stm32.9-2020-q2-update.win32_1.5.0.202011040924/tools/bin/../lib/gcc/arm-none-eabi/9.3.1/../../../../arm-none-eabi/lib/thumb/v7-m/nofp\libc_nano.a(lib_a-nano-svfprintf.o)
                0x0000000008002330                _svfiprintf_r
                0x0000000008002330                _svfprintf_r
 .text._printf_common
                0x0000000008002530       0xde c:/st/stm32cubeide_1.6.1/stm32cubeide/plugins/com.st.stm32cube.ide.mcu.externaltools.gnu-tools-for-stm32.9-2020-q2-update.win32_1.5.0.202011040924/tools/bin/../lib/gcc/arm-none-eabi/9.3.1/../../../../arm-none-eabi/lib/thumb/v7-m/nofp\libc_nano.a(lib_a-nano-vfprintf_i.o)
                0x0000000008002530                _printf_common
 *fill*         0x000000000800260e        0x2 
 .text._printf_i
                0x0000000008002610      0x24c c:/st/stm32cubeide_1.6.1/stm32cubeide/plugins/com.st.stm32cube.ide.mcu.externaltools.gnu-tools-for-stm32.9-2020-q2-update.win32_1.5.0.202011040924/tools/bin/../lib/gcc/arm-none-eabi/9.3.1/../../../../arm-none-eabi/lib/thumb/v7-m/nofp\libc_nano.a(lib_a-nano-vfprintf_i.o)
                0x0000000008002610                _printf_i
 .text.memchr   0x000000000800285c       0x1c c:/st/stm32cubeide_1.6.1/stm32cubeide/plugins/com.st.stm32cube.ide.mcu.externaltools.gnu-tools-for-stm32.9-2020-q2-update.win32_1.5.0.202011040924/tools/bin/../lib/gcc/arm-none-eabi/9.3.1/../../../../arm-none-eabi/lib/thumb/v7-m/nofp\libc_nano.a(lib_a-memchr-stub.o)
                0x000000000800285c                memchr
 .text.memcpy   0x0000000008002878       0x1c c:/st/stm32cubeide_1.6.1/stm32cubeide/plugins/com.st.stm32cube.ide.mcu.externaltools.gnu-tools-for-stm32.9-2020-q2-update.win32_1.5.0.202011040924/tools/bin/../lib/gcc/arm-none-eabi/9.3.1/../../../../arm-none-eabi/lib/thumb/v7-m/nofp\libc_nano.a(lib_a-memcpy-stub.o)
                0x0000000008002878                memcpy
 .text.memmove  0x0000000008002894       0x34 c:/st/stm32cubeide_1.6.1/stm32cubeide/plugins/com.st.stm32cube.ide.mcu.externaltools.gnu-tools-for-stm32.9-2020-q2-update.win32_1.5.0.202011040924/tools/bin/../lib/gcc/arm-none-eabi/9.3.1/../../../../arm-none-eabi/lib/thumb/v7-m/nofp\libc_nano.a(lib_a-memmove.o)
                0x0000000008002894                memmove
 .text._free_r  0x00000000080028c8       0x98 c:/st/stm32cubeide_1.6.1/stm32cubeide/plugins/com.st.stm32cube.ide.mcu.externaltools.gnu-tools-for-stm32.9-2020-q2-update.win32_1.5.0.202011040924/tools/bin/../lib/gcc/arm-none-eabi/9.3.1/../../../../arm-none-eabi/lib/thumb/v7-m/nofp\libc_nano.a(lib_a-nano-freer.o)
                0x00000000080028c8                _free_r
 .text._malloc_r
                0x0000000008002960       0xb4 c:/st/stm32cubeide_1.6.1/stm32cubeide/plugins/com.st.stm32cube.ide.mcu.externaltools.gnu-tools-for-stm32.9-2020-q2-update.win32_1.5.0.202011040924/tools/bin/../lib/gcc/arm-none-eabi/9.3.1/../../../../arm-none-eabi/lib/thumb/v7-m/nofp\libc_nano.a(lib_a-nano-mallocr.o)
                0x0000000008002960                _malloc_r
 .text._realloc_r
                0x0000000008002a14       0x4c c:/st/stm32cubeide_1.6.1/stm32cubeide/plugins/com.st.stm32cube.ide.mcu.externaltools.gnu-tools-for-stm32.9-2020-q2-update.win32_1.5.0.202011040924/tools/bin/../lib/gcc/arm-none-eabi/9.3.1/../../../../arm-none-eabi/lib/thumb/v7-m/nofp\libc_nano.a(lib_a-nano-reallocr.o)
                0x0000000008002a14                _realloc_r
 .text._sbrk_r  0x0000000008002a60       0x20 c:/st/stm32cubeide_1.6.1/stm32cubeide/plugins/com.st.stm32cube.ide.mcu.externaltools.gnu-tools-for-stm32.9-2020-q2-update.win32_1.5.0.202011040924/tools/bin/../lib/gcc/arm-none-eabi/9.3.1/../../../../arm-none-eabi/lib/thumb/v7-m/nofp\libc_nano.a(lib_a-sbrkr.o)
                0x0000000008002a60                _sbrk_r
 .text.__malloc_lock
                0x0000000008002a80        0xc c:/st/stm32cubeide_1.6.1/stm32cubeide/plugins/com.st.stm32cube.ide.mcu.externaltools.gnu-tools-for-stm32.9-2020-q2-update.win32_1.5.0.202011040924/tools/bin/../lib/gcc/arm-none-eabi/9.3.1/../../../../arm-none-eabi/lib/thumb/v7-m/nofp\libc_nano.a(lib_a-mlock.o)
                0x0000000008002a80                __malloc_lock
 .text.__malloc_unlock
                0x0000000008002a8c        0xc c:/st/stm32cubeide_1.6.1/stm32cubeide/plugins/com.st.stm32cube.ide.mcu.externaltools.gnu-tools-for-stm32.9-2020-q2-update.win32_1.5.0.202011040924/tools/bin/../lib/gcc/arm-none-eabi/9.3.1/../../../../arm-none-eabi/lib/thumb/v7-m/nofp\libc_nano.a(lib_a-mlock.o)
                0x0000000008002a8c                __malloc_unlock
 .text._malloc_usable_size_r
                0x0000000008002a98       0x10 c:/st/stm32cubeide_1.6.1/stm32cubeide/plugins/com.st.stm32cube.ide.mcu.externaltools.gnu-tools-for-stm32.9-2020-q2-update.win32_1.5.0.202011040924/tools/bin/../lib/gcc/arm-none-eabi/9.3.1/../../../../arm-none-eabi/lib/thumb/v7-m/nofp\libc_nano.a(lib_a-nano-msizer.o)
                0x0000000008002a98                _malloc_usable_size_r
 .text.__retarget_lock_acquire_recursive
                0x0000000008002aa8        0x2 c:/st/stm32cubeide_1.6.1/stm32cubeide/plugins/com.st.stm32cube.ide.mcu.externaltools.gnu-tools-for-stm32.9-2020-q2-update.win32_1.5.0.202011040924/tools/bin/../lib/gcc/arm-none-eabi/9.3.1/../../../../arm-none-eabi/lib/thumb/v7-m/nofp\libc_nano.a(lib_a-lock.o)
                0x0000000008002aa8                __retarget_lock_acquire_recursive
 .text.__retarget_lock_release_recursive
                0x0000000008002aaa        0x2 c:/st/stm32cubeide_1.6.1/stm32cubeide/plugins/com.st.stm32cube.ide.mcu.externaltools.gnu-tools-for-stm32.9-2020-q2-update.win32_1.5.0.202011040924/tools/bin/../lib/gcc/arm-none-eabi/9.3.1/../../../../arm-none-eabi/lib/thumb/v7-m/nofp\libc_nano.a(lib_a-lock.o)
                0x0000000008002aaa                __retarget_lock_release_recursive
 *(.glue_7)
 .glue_7        0x0000000008002aac        0x0 linker stubs
 *(.glue_7t)
 .glue_7t       0x0000000008002aac        0x0 linker stubs
 *(.eh_frame)
 .eh_frame      0x0000000008002aac        0x0 c:/st/stm32cubeide_1.6.1/stm32cubeide/plugins/com.st.stm32cube.ide.mcu.externaltools.gnu-tools-for-stm32.9-2020-q2-update.win32_1.5.0.202011040924/tools/bin/../lib/gcc/arm-none-eabi/9.3.1/thumb/v7-m/nofp/crtbegin.o
 *(.init)
 .init          0x0000000008002aac        0x4 c:/st/stm32cubeide_1.6.1/stm32cubeide/plugins/com.st.stm32cube.ide.mcu.externaltools.gnu-tools-for-stm32.9-2020-q2-update.win32_1.5.0.202011040924/tools/bin/../lib/gcc/arm-none-eabi/9.3.1/thumb/v7-m/nofp/crti.o
                0x0000000008002aac                _init
 .init          0x0000000008002ab0        0x8 c:/st/stm32cubeide_1.6.1/stm32cubeide/plugins/com.st.stm32cube.ide.mcu.externaltools.gnu-tools-for-stm32.9-2020-q2-update.win32_1.5.0.202011040924/tools/bin/../lib/gcc/arm-none-eabi/9.3.1/thumb/v7-m/nofp/crtn.o
 *(.fini)
 .fini          0x0000000008002ab8        0x4 c:/st/stm32cubeide_1.6.1/stm32cubeide/plugins/com.st.stm32cube.ide.mcu.externaltools.gnu-tools-for-stm32.9-2020-q2-update.win32_1.5.0.202011040924/tools/bin/../lib/gcc/arm-none-eabi/9.3.1/thumb/v7-m/nofp/crti.o
                0x0000000008002ab8                _fini
 .fini          0x0000000008002abc        0x8 c:/st/stm32cubeide_1.6.1/stm32cubeide/plugins/com.st.stm32cube.ide.mcu.externaltools.gnu-tools-for-stm32.9-2020-q2-update.win32_1.5.0.202011040924/tools/bin/../lib/gcc/arm-none-eabi/9.3.1/thumb/v7-m/nofp/crtn.o
                0x0000000008002ac4                . = ALIGN (0x4)
                0x0000000008002ac4                _etext = .

.vfp11_veneer   0x0000000008002ac4        0x0
 .vfp11_veneer  0x0000000008002ac4        0x0 linker stubs

.v4_bx          0x0000000008002ac4        0x0
 .v4_bx         0x0000000008002ac4        0x0 linker stubs

.iplt           0x0000000008002ac4        0x0
 .iplt          0x0000000008002ac4        0x0 c:/st/stm32cubeide_1.6.1/stm32cubeide/plugins/com.st.stm32cube.ide.mcu.externaltools.gnu-tools-for-stm32.9-2020-q2-update.win32_1.5.0.202011040924/tools/bin/../lib/gcc/arm-none-eabi/9.3.1/thumb/v7-m/nofp/crtbegin.o

.rodata         0x0000000008002ac4       0x7c
                0x0000000008002ac4                . = ALIGN (0x4)
 *(.rodata)
 .rodata        0x0000000008002ac4       0x20 Core/Src/main.o
 .rodata        0x0000000008002ae4       0x10 Drivers/STM32F1xx_HAL_Driver/Src/stm32f1xx_hal_rcc.o
 *(.rodata*)
 .rodata.AHBPrescTable
                0x0000000008002af4       0x10 Core/Src/system_stm32f1xx.o
                0x0000000008002af4                AHBPrescTable
 .rodata.APBPrescTable
                0x0000000008002b04        0x8 Core/Src/system_stm32f1xx.o
                0x0000000008002b04                APBPrescTable
 .rodata._svfprintf_r.str1.1
                0x0000000008002b0c       0x11 c:/st/stm32cubeide_1.6.1/stm32cubeide/plugins/com.st.stm32cube.ide.mcu.externaltools.gnu-tools-for-stm32.9-2020-q2-update.win32_1.5.0.202011040924/tools/bin/../lib/gcc/arm-none-eabi/9.3.1/../../../../arm-none-eabi/lib/thumb/v7-m/nofp\libc_nano.a(lib_a-nano-svfprintf.o)
 .rodata._printf_i.str1.1
                0x0000000008002b1d       0x22 c:/st/stm32cubeide_1.6.1/stm32cubeide/plugins/com.st.stm32cube.ide.mcu.externaltools.gnu-tools-for-stm32.9-2020-q2-update.win32_1.5.0.202011040924/tools/bin/../lib/gcc/arm-none-eabi/9.3.1/../../../../arm-none-eabi/lib/thumb/v7-m/nofp\libc_nano.a(lib_a-nano-vfprintf_i.o)
                0x0000000008002b40                . = ALIGN (0x4)
 *fill*         0x0000000008002b3f        0x1 

.rel.dyn        0x0000000008002b40        0x0
 .rel.iplt      0x0000000008002b40        0x0 c:/st/stm32cubeide_1.6.1/stm32cubeide/plugins/com.st.stm32cube.ide.mcu.externaltools.gnu-tools-for-stm32.9-2020-q2-update.win32_1.5.0.202011040924/tools/bin/../lib/gcc/arm-none-eabi/9.3.1/thumb/v7-m/nofp/crtbegin.o

.ARM.extab      0x0000000008002b40        0x0
                0x0000000008002b40                . = ALIGN (0x4)
 *(.ARM.extab* .gnu.linkonce.armextab.*)
                0x0000000008002b40                . = ALIGN (0x4)

.ARM            0x0000000008002b40        0x0
                0x0000000008002b40                . = ALIGN (0x4)
                0x0000000008002b40                __exidx_start = .
 *(.ARM.exidx*)
                0x0000000008002b40                __exidx_end = .
                0x0000000008002b40                . = ALIGN (0x4)

.preinit_array  0x0000000008002b40        0x0
                0x0000000008002b40                . = ALIGN (0x4)
                0x0000000008002b40                PROVIDE (__preinit_array_start = .)
 *(.preinit_array*)
                0x0000000008002b40                PROVIDE (__preinit_array_end = .)
                0x0000000008002b40                . = ALIGN (0x4)

.init_array     0x0000000008002b40        0x4
                0x0000000008002b40                . = ALIGN (0x4)
                0x0000000008002b40                PROVIDE (__init_array_start = .)
 *(SORT_BY_NAME(.init_array.*))
 *(.init_array*)
 .init_array    0x0000000008002b40        0x4 c:/st/stm32cubeide_1.6.1/stm32cubeide/plugins/com.st.stm32cube.ide.mcu.externaltools.gnu-tools-for-stm32.9-2020-q2-update.win32_1.5.0.202011040924/tools/bin/../lib/gcc/arm-none-eabi/9.3.1/thumb/v7-m/nofp/crtbegin.o
                0x0000000008002b44                PROVIDE (__init_array_end = .)
                0x0000000008002b44                . = ALIGN (0x4)

.fini_array     0x0000000008002b44        0x4
                0x0000000008002b44                . = ALIGN (0x4)
                [!provide]                        PROVIDE (__fini_array_start = .)
 *(SORT_BY_NAME(.fini_array.*))
 *(.fini_array*)
 .fini_array    0x0000000008002b44        0x4 c:/st/stm32cubeide_1.6.1/stm32cubeide/plugins/com.st.stm32cube.ide.mcu.externaltools.gnu-tools-for-stm32.9-2020-q2-update.win32_1.5.0.202011040924/tools/bin/../lib/gcc/arm-none-eabi/9.3.1/thumb/v7-m/nofp/crtbegin.o
                [!provide]                        PROVIDE (__fini_array_end = .)
                0x0000000008002b48                . = ALIGN (0x4)
                0x0000000008002b48                _sidata = LOADADDR (.data)

.data           0x0000000020000000       0x74 load address 0x0000000008002b48
                0x0000000020000000                . = ALIGN (0x4)
                0x0000000020000000                _sdata = .
 *(.data)
 *(.data*)
 .data.point    0x0000000020000000        0x1 Core/Src/main.o
                0x0000000020000000                point
 *fill*         0x0000000020000001        0x3 
 .data.SystemCoreClock
                0x0000000020000004        0x4 Core/Src/system_stm32f1xx.o
                0x0000000020000004                SystemCoreClock
 .data.uwTickPrio
                0x0000000020000008        0x4 Drivers/STM32F1xx_HAL_Driver/Src/stm32f1xx_hal.o
                0x0000000020000008                uwTickPrio
 .data.uwTickFreq
                0x000000002000000c        0x1 Drivers/STM32F1xx_HAL_Driver/Src/stm32f1xx_hal.o
                0x000000002000000c                uwTickFreq
 *fill*         0x000000002000000d        0x3 
 .data._impure_ptr
                0x0000000020000010        0x4 c:/st/stm32cubeide_1.6.1/stm32cubeide/plugins/com.st.stm32cube.ide.mcu.externaltools.gnu-tools-for-stm32.9-2020-q2-update.win32_1.5.0.202011040924/tools/bin/../lib/gcc/arm-none-eabi/9.3.1/../../../../arm-none-eabi/lib/thumb/v7-m/nofp\libc_nano.a(lib_a-impure.o)
                0x0000000020000010                _impure_ptr
 .data.impure_data
                0x0000000020000014       0x60 c:/st/stm32cubeide_1.6.1/stm32cubeide/plugins/com.st.stm32cube.ide.mcu.externaltools.gnu-tools-for-stm32.9-2020-q2-update.win32_1.5.0.202011040924/tools/bin/../lib/gcc/arm-none-eabi/9.3.1/../../../../arm-none-eabi/lib/thumb/v7-m/nofp\libc_nano.a(lib_a-impure.o)
 *(.RamFunc)
 *(.RamFunc*)
                0x0000000020000074                . = ALIGN (0x4)
                0x0000000020000074                _edata = .

.igot.plt       0x0000000020000074        0x0 load address 0x0000000008002bbc
 .igot.plt      0x0000000020000074        0x0 c:/st/stm32cubeide_1.6.1/stm32cubeide/plugins/com.st.stm32cube.ide.mcu.externaltools.gnu-tools-for-stm32.9-2020-q2-update.win32_1.5.0.202011040924/tools/bin/../lib/gcc/arm-none-eabi/9.3.1/thumb/v7-m/nofp/crtbegin.o
                0x0000000020000074                . = ALIGN (0x4)

.bss            0x0000000020000074      0x120 load address 0x0000000008002bbc
                0x0000000020000074                _sbss = .
                0x0000000020000074                __bss_start__ = _sbss
 *(.bss)
 .bss           0x0000000020000074       0x1c c:/st/stm32cubeide_1.6.1/stm32cubeide/plugins/com.st.stm32cube.ide.mcu.externaltools.gnu-tools-for-stm32.9-2020-q2-update.win32_1.5.0.202011040924/tools/bin/../lib/gcc/arm-none-eabi/9.3.1/thumb/v7-m/nofp/crtbegin.o
 *(.bss*)
 .bss.UART_msg_TX
                0x0000000020000090       0x32 Core/Src/main.o
 *fill*         0x00000000200000c2        0x2 
 .bss.__sbrk_heap_end
                0x00000000200000c4        0x4 Core/Src/sysmem.o
 .bss.__malloc_free_list
                0x00000000200000c8        0x4 c:/st/stm32cubeide_1.6.1/stm32cubeide/plugins/com.st.stm32cube.ide.mcu.externaltools.gnu-tools-for-stm32.9-2020-q2-update.win32_1.5.0.202011040924/tools/bin/../lib/gcc/arm-none-eabi/9.3.1/../../../../arm-none-eabi/lib/thumb/v7-m/nofp\libc_nano.a(lib_a-nano-mallocr.o)
                0x00000000200000c8                __malloc_free_list
 .bss.__malloc_sbrk_start
                0x00000000200000cc        0x4 c:/st/stm32cubeide_1.6.1/stm32cubeide/plugins/com.st.stm32cube.ide.mcu.externaltools.gnu-tools-for-stm32.9-2020-q2-update.win32_1.5.0.202011040924/tools/bin/../lib/gcc/arm-none-eabi/9.3.1/../../../../arm-none-eabi/lib/thumb/v7-m/nofp\libc_nano.a(lib_a-nano-mallocr.o)
                0x00000000200000cc                __malloc_sbrk_start
 *(COMMON)
 COMMON         0x00000000200000d0       0xb0 Core/Src/main.o
                0x00000000200000d0                huart1
                0x0000000020000114                hspi1
                0x000000002000016c                SPI_msg
 COMMON         0x0000000020000180        0x4 Drivers/STM32F1xx_HAL_Driver/Src/stm32f1xx_hal.o
                0x0000000020000180                uwTick
 COMMON         0x0000000020000184        0x4 c:/st/stm32cubeide_1.6.1/stm32cubeide/plugins/com.st.stm32cube.ide.mcu.externaltools.gnu-tools-for-stm32.9-2020-q2-update.win32_1.5.0.202011040924/tools/bin/../lib/gcc/arm-none-eabi/9.3.1/../../../../arm-none-eabi/lib/thumb/v7-m/nofp\libc_nano.a(lib_a-reent.o)
                0x0000000020000184                errno
 COMMON         0x0000000020000188        0x9 c:/st/stm32cubeide_1.6.1/stm32cubeide/plugins/com.st.stm32cube.ide.mcu.externaltools.gnu-tools-for-stm32.9-2020-q2-update.win32_1.5.0.202011040924/tools/bin/../lib/gcc/arm-none-eabi/9.3.1/../../../../arm-none-eabi/lib/thumb/v7-m/nofp\libc_nano.a(lib_a-lock.o)
                0x0000000020000188                __lock___atexit_recursive_mutex
                0x0000000020000189                __lock___arc4random_mutex
                0x000000002000018a                __lock___env_recursive_mutex
                0x000000002000018b                __lock___sinit_recursive_mutex
                0x000000002000018c                __lock___malloc_recursive_mutex
                0x000000002000018d                __lock___at_quick_exit_mutex
                0x000000002000018e                __lock___dd_hash_mutex
                0x000000002000018f                __lock___tz_mutex
                0x0000000020000190                __lock___sfp_recursive_mutex
                0x0000000020000194                . = ALIGN (0x4)
 *fill*         0x0000000020000191        0x3 
                0x0000000020000194                _ebss = .
                0x0000000020000194                __bss_end__ = _ebss

._user_heap_stack
                0x0000000020000194      0x604 load address 0x0000000008002bbc
                0x0000000020000198                . = ALIGN (0x8)
 *fill*         0x0000000020000194        0x4 
                [!provide]                        PROVIDE (end = .)
                0x0000000020000198                PROVIDE (_end = .)
                0x0000000020000398                . = (. + _Min_Heap_Size)
 *fill*         0x0000000020000198      0x200 
                0x0000000020000798                . = (. + _Min_Stack_Size)
 *fill*         0x0000000020000398      0x400 
                0x0000000020000798                . = ALIGN (0x8)

/DISCARD/
 libc.a(*)
 libm.a(*)
 libgcc.a(*)

.ARM.attributes
                0x0000000000000000       0x29
 *(.ARM.attributes)
 .ARM.attributes
                0x0000000000000000       0x1d c:/st/stm32cubeide_1.6.1/stm32cubeide/plugins/com.st.stm32cube.ide.mcu.externaltools.gnu-tools-for-stm32.9-2020-q2-update.win32_1.5.0.202011040924/tools/bin/../lib/gcc/arm-none-eabi/9.3.1/thumb/v7-m/nofp/crti.o
 .ARM.attributes
                0x000000000000001d       0x2d c:/st/stm32cubeide_1.6.1/stm32cubeide/plugins/com.st.stm32cube.ide.mcu.externaltools.gnu-tools-for-stm32.9-2020-q2-update.win32_1.5.0.202011040924/tools/bin/../lib/gcc/arm-none-eabi/9.3.1/thumb/v7-m/nofp/crtbegin.o
 .ARM.attributes
                0x000000000000004a       0x2d Core/Src/main.o
 .ARM.attributes
                0x0000000000000077       0x2d Core/Src/stm32f1xx_hal_msp.o
 .ARM.attributes
                0x00000000000000a4       0x2d Core/Src/stm32f1xx_it.o
 .ARM.attributes
                0x00000000000000d1       0x2d Core/Src/sysmem.o
 .ARM.attributes
                0x00000000000000fe       0x2d Core/Src/system_stm32f1xx.o
 .ARM.attributes
                0x000000000000012b       0x21 Core/Startup/startup_stm32f103c8tx.o
 .ARM.attributes
                0x000000000000014c       0x2d Drivers/STM32F1xx_HAL_Driver/Src/stm32f1xx_hal.o
 .ARM.attributes
                0x0000000000000179       0x2d Drivers/STM32F1xx_HAL_Driver/Src/stm32f1xx_hal_cortex.o
 .ARM.attributes
                0x00000000000001a6       0x2d Drivers/STM32F1xx_HAL_Driver/Src/stm32f1xx_hal_dma.o
 .ARM.attributes
                0x00000000000001d3       0x2d Drivers/STM32F1xx_HAL_Driver/Src/stm32f1xx_hal_gpio.o
 .ARM.attributes
                0x0000000000000200       0x2d Drivers/STM32F1xx_HAL_Driver/Src/stm32f1xx_hal_rcc.o
 .ARM.attributes
                0x000000000000022d       0x2d Drivers/STM32F1xx_HAL_Driver/Src/stm32f1xx_hal_spi.o
 .ARM.attributes
                0x000000000000025a       0x2d Drivers/STM32F1xx_HAL_Driver/Src/stm32f1xx_hal_uart.o
 .ARM.attributes
                0x0000000000000287       0x2d c:/st/stm32cubeide_1.6.1/stm32cubeide/plugins/com.st.stm32cube.ide.mcu.externaltools.gnu-tools-for-stm32.9-2020-q2-update.win32_1.5.0.202011040924/tools/bin/../lib/gcc/arm-none-eabi/9.3.1/../../../../arm-none-eabi/lib/thumb/v7-m/nofp\libc_nano.a(lib_a-errno.o)
 .ARM.attributes
                0x00000000000002b4       0x2d c:/st/stm32cubeide_1.6.1/stm32cubeide/plugins/com.st.stm32cube.ide.mcu.externaltools.gnu-tools-for-stm32.9-2020-q2-update.win32_1.5.0.202011040924/tools/bin/../lib/gcc/arm-none-eabi/9.3.1/../../../../arm-none-eabi/lib/thumb/v7-m/nofp\libc_nano.a(lib_a-impure.o)
 .ARM.attributes
                0x00000000000002e1       0x2d c:/st/stm32cubeide_1.6.1/stm32cubeide/plugins/com.st.stm32cube.ide.mcu.externaltools.gnu-tools-for-stm32.9-2020-q2-update.win32_1.5.0.202011040924/tools/bin/../lib/gcc/arm-none-eabi/9.3.1/../../../../arm-none-eabi/lib/thumb/v7-m/nofp\libc_nano.a(lib_a-init.o)
 .ARM.attributes
                0x000000000000030e       0x2d c:/st/stm32cubeide_1.6.1/stm32cubeide/plugins/com.st.stm32cube.ide.mcu.externaltools.gnu-tools-for-stm32.9-2020-q2-update.win32_1.5.0.202011040924/tools/bin/../lib/gcc/arm-none-eabi/9.3.1/../../../../arm-none-eabi/lib/thumb/v7-m/nofp\libc_nano.a(lib_a-memset.o)
 .ARM.attributes
                0x000000000000033b       0x2d c:/st/stm32cubeide_1.6.1/stm32cubeide/plugins/com.st.stm32cube.ide.mcu.externaltools.gnu-tools-for-stm32.9-2020-q2-update.win32_1.5.0.202011040924/tools/bin/../lib/gcc/arm-none-eabi/9.3.1/../../../../arm-none-eabi/lib/thumb/v7-m/nofp\libc_nano.a(lib_a-sprintf.o)
 .ARM.attributes
                0x0000000000000368       0x17 c:/st/stm32cubeide_1.6.1/stm32cubeide/plugins/com.st.stm32cube.ide.mcu.externaltools.gnu-tools-for-stm32.9-2020-q2-update.win32_1.5.0.202011040924/tools/bin/../lib/gcc/arm-none-eabi/9.3.1/../../../../arm-none-eabi/lib/thumb/v7-m/nofp\libc_nano.a(lib_a-strlen.o)
 .ARM.attributes
                0x000000000000037f       0x2d c:/st/stm32cubeide_1.6.1/stm32cubeide/plugins/com.st.stm32cube.ide.mcu.externaltools.gnu-tools-for-stm32.9-2020-q2-update.win32_1.5.0.202011040924/tools/bin/../lib/gcc/arm-none-eabi/9.3.1/../../../../arm-none-eabi/lib/thumb/v7-m/nofp\libc_nano.a(lib_a-nano-svfprintf.o)
 .ARM.attributes
                0x00000000000003ac       0x2d c:/st/stm32cubeide_1.6.1/stm32cubeide/plugins/com.st.stm32cube.ide.mcu.externaltools.gnu-tools-for-stm32.9-2020-q2-update.win32_1.5.0.202011040924/tools/bin/../lib/gcc/arm-none-eabi/9.3.1/../../../../arm-none-eabi/lib/thumb/v7-m/nofp\libc_nano.a(lib_a-nano-vfprintf_i.o)
 .ARM.attributes
                0x00000000000003d9       0x2d c:/st/stm32cubeide_1.6.1/stm32cubeide/plugins/com.st.stm32cube.ide.mcu.externaltools.gnu-tools-for-stm32.9-2020-q2-update.win32_1.5.0.202011040924/tools/bin/../lib/gcc/arm-none-eabi/9.3.1/../../../../arm-none-eabi/lib/thumb/v7-m/nofp\libc_nano.a(lib_a-memchr-stub.o)
 .ARM.attributes
                0x0000000000000406       0x2d c:/st/stm32cubeide_1.6.1/stm32cubeide/plugins/com.st.stm32cube.ide.mcu.externaltools.gnu-tools-for-stm32.9-2020-q2-update.win32_1.5.0.202011040924/tools/bin/../lib/gcc/arm-none-eabi/9.3.1/../../../../arm-none-eabi/lib/thumb/v7-m/nofp\libc_nano.a(lib_a-memcpy-stub.o)
 .ARM.attributes
                0x0000000000000433       0x2d c:/st/stm32cubeide_1.6.1/stm32cubeide/plugins/com.st.stm32cube.ide.mcu.externaltools.gnu-tools-for-stm32.9-2020-q2-update.win32_1.5.0.202011040924/tools/bin/../lib/gcc/arm-none-eabi/9.3.1/../../../../arm-none-eabi/lib/thumb/v7-m/nofp\libc_nano.a(lib_a-memmove.o)
 .ARM.attributes
                0x0000000000000460       0x2d c:/st/stm32cubeide_1.6.1/stm32cubeide/plugins/com.st.stm32cube.ide.mcu.externaltools.gnu-tools-for-stm32.9-2020-q2-update.win32_1.5.0.202011040924/tools/bin/../lib/gcc/arm-none-eabi/9.3.1/../../../../arm-none-eabi/lib/thumb/v7-m/nofp\libc_nano.a(lib_a-nano-freer.o)
 .ARM.attributes
                0x000000000000048d       0x2d c:/st/stm32cubeide_1.6.1/stm32cubeide/plugins/com.st.stm32cube.ide.mcu.externaltools.gnu-tools-for-stm32.9-2020-q2-update.win32_1.5.0.202011040924/tools/bin/../lib/gcc/arm-none-eabi/9.3.1/../../../../arm-none-eabi/lib/thumb/v7-m/nofp\libc_nano.a(lib_a-nano-mallocr.o)
 .ARM.attributes
                0x00000000000004ba       0x2d c:/st/stm32cubeide_1.6.1/stm32cubeide/plugins/com.st.stm32cube.ide.mcu.externaltools.gnu-tools-for-stm32.9-2020-q2-update.win32_1.5.0.202011040924/tools/bin/../lib/gcc/arm-none-eabi/9.3.1/../../../../arm-none-eabi/lib/thumb/v7-m/nofp\libc_nano.a(lib_a-nano-reallocr.o)
 .ARM.attributes
                0x00000000000004e7       0x2d c:/st/stm32cubeide_1.6.1/stm32cubeide/plugins/com.st.stm32cube.ide.mcu.externaltools.gnu-tools-for-stm32.9-2020-q2-update.win32_1.5.0.202011040924/tools/bin/../lib/gcc/arm-none-eabi/9.3.1/../../../../arm-none-eabi/lib/thumb/v7-m/nofp\libc_nano.a(lib_a-sbrkr.o)
 .ARM.attributes
                0x0000000000000514       0x2d c:/st/stm32cubeide_1.6.1/stm32cubeide/plugins/com.st.stm32cube.ide.mcu.externaltools.gnu-tools-for-stm32.9-2020-q2-update.win32_1.5.0.202011040924/tools/bin/../lib/gcc/arm-none-eabi/9.3.1/../../../../arm-none-eabi/lib/thumb/v7-m/nofp\libc_nano.a(lib_a-mlock.o)
 .ARM.attributes
                0x0000000000000541       0x2d c:/st/stm32cubeide_1.6.1/stm32cubeide/plugins/com.st.stm32cube.ide.mcu.externaltools.gnu-tools-for-stm32.9-2020-q2-update.win32_1.5.0.202011040924/tools/bin/../lib/gcc/arm-none-eabi/9.3.1/../../../../arm-none-eabi/lib/thumb/v7-m/nofp\libc_nano.a(lib_a-nano-msizer.o)
 .ARM.attributes
                0x000000000000056e       0x2d c:/st/stm32cubeide_1.6.1/stm32cubeide/plugins/com.st.stm32cube.ide.mcu.externaltools.gnu-tools-for-stm32.9-2020-q2-update.win32_1.5.0.202011040924/tools/bin/../lib/gcc/arm-none-eabi/9.3.1/../../../../arm-none-eabi/lib/thumb/v7-m/nofp\libc_nano.a(lib_a-reent.o)
 .ARM.attributes
                0x000000000000059b       0x2d c:/st/stm32cubeide_1.6.1/stm32cubeide/plugins/com.st.stm32cube.ide.mcu.externaltools.gnu-tools-for-stm32.9-2020-q2-update.win32_1.5.0.202011040924/tools/bin/../lib/gcc/arm-none-eabi/9.3.1/../../../../arm-none-eabi/lib/thumb/v7-m/nofp\libc_nano.a(lib_a-lock.o)
 .ARM.attributes
                0x00000000000005c8       0x1d c:/st/stm32cubeide_1.6.1/stm32cubeide/plugins/com.st.stm32cube.ide.mcu.externaltools.gnu-tools-for-stm32.9-2020-q2-update.win32_1.5.0.202011040924/tools/bin/../lib/gcc/arm-none-eabi/9.3.1/thumb/v7-m/nofp/crtn.o
OUTPUT(f103_spi_arduino.elf elf32-littlearm)
LOAD linker stubs
LOAD c:/st/stm32cubeide_1.6.1/stm32cubeide/plugins/com.st.stm32cube.ide.mcu.externaltools.gnu-tools-for-stm32.9-2020-q2-update.win32_1.5.0.202011040924/tools/bin/../lib/gcc/arm-none-eabi/9.3.1/../../../../arm-none-eabi/lib/thumb/v7-m/nofp\libc.a
LOAD c:/st/stm32cubeide_1.6.1/stm32cubeide/plugins/com.st.stm32cube.ide.mcu.externaltools.gnu-tools-for-stm32.9-2020-q2-update.win32_1.5.0.202011040924/tools/bin/../lib/gcc/arm-none-eabi/9.3.1/../../../../arm-none-eabi/lib/thumb/v7-m/nofp\libm.a
LOAD c:/st/stm32cubeide_1.6.1/stm32cubeide/plugins/com.st.stm32cube.ide.mcu.externaltools.gnu-tools-for-stm32.9-2020-q2-update.win32_1.5.0.202011040924/tools/bin/../lib/gcc/arm-none-eabi/9.3.1/thumb/v7-m/nofp\libgcc.a

.debug_info     0x0000000000000000     0x8e85
 .debug_info    0x0000000000000000     0x1582 Core/Src/main.o
 .debug_info    0x0000000000001582      0xd2a Core/Src/stm32f1xx_hal_msp.o
 .debug_info    0x00000000000022ac      0x708 Core/Src/stm32f1xx_it.o
 .debug_info    0x00000000000029b4      0xa25 Core/Src/sysmem.o
 .debug_info    0x00000000000033d9      0x2be Core/Src/system_stm32f1xx.o
 .debug_info    0x0000000000003697       0x22 Core/Startup/startup_stm32f103c8tx.o
 .debug_info    0x00000000000036b9      0x76a Drivers/STM32F1xx_HAL_Driver/Src/stm32f1xx_hal.o
 .debug_info    0x0000000000003e23      0xbdc Drivers/STM32F1xx_HAL_Driver/Src/stm32f1xx_hal_cortex.o
 .debug_info    0x00000000000049ff      0x81e Drivers/STM32F1xx_HAL_Driver/Src/stm32f1xx_hal_dma.o
 .debug_info    0x000000000000521d      0x701 Drivers/STM32F1xx_HAL_Driver/Src/stm32f1xx_hal_gpio.o
 .debug_info    0x000000000000591e      0x88e Drivers/STM32F1xx_HAL_Driver/Src/stm32f1xx_hal_rcc.o
 .debug_info    0x00000000000061ac     0x16bf Drivers/STM32F1xx_HAL_Driver/Src/stm32f1xx_hal_spi.o
 .debug_info    0x000000000000786b     0x161a Drivers/STM32F1xx_HAL_Driver/Src/stm32f1xx_hal_uart.o

.debug_abbrev   0x0000000000000000     0x1950
 .debug_abbrev  0x0000000000000000      0x28c Core/Src/main.o
 .debug_abbrev  0x000000000000028c      0x1b5 Core/Src/stm32f1xx_hal_msp.o
 .debug_abbrev  0x0000000000000441      0x174 Core/Src/stm32f1xx_it.o
 .debug_abbrev  0x00000000000005b5      0x1bf Core/Src/sysmem.o
 .debug_abbrev  0x0000000000000774      0x14e Core/Src/system_stm32f1xx.o
 .debug_abbrev  0x00000000000008c2       0x12 Core/Startup/startup_stm32f103c8tx.o
 .debug_abbrev  0x00000000000008d4      0x1ed Drivers/STM32F1xx_HAL_Driver/Src/stm32f1xx_hal.o
 .debug_abbrev  0x0000000000000ac1      0x313 Drivers/STM32F1xx_HAL_Driver/Src/stm32f1xx_hal_cortex.o
 .debug_abbrev  0x0000000000000dd4      0x228 Drivers/STM32F1xx_HAL_Driver/Src/stm32f1xx_hal_dma.o
 .debug_abbrev  0x0000000000000ffc      0x1e8 Drivers/STM32F1xx_HAL_Driver/Src/stm32f1xx_hal_gpio.o
 .debug_abbrev  0x00000000000011e4      0x273 Drivers/STM32F1xx_HAL_Driver/Src/stm32f1xx_hal_rcc.o
 .debug_abbrev  0x0000000000001457      0x26e Drivers/STM32F1xx_HAL_Driver/Src/stm32f1xx_hal_spi.o
 .debug_abbrev  0x00000000000016c5      0x28b Drivers/STM32F1xx_HAL_Driver/Src/stm32f1xx_hal_uart.o

.debug_aranges  0x0000000000000000      0x878
 .debug_aranges
                0x0000000000000000       0x48 Core/Src/main.o
 .debug_aranges
                0x0000000000000048       0x40 Core/Src/stm32f1xx_hal_msp.o
 .debug_aranges
                0x0000000000000088       0x68 Core/Src/stm32f1xx_it.o
 .debug_aranges
                0x00000000000000f0       0x20 Core/Src/sysmem.o
 .debug_aranges
                0x0000000000000110       0x28 Core/Src/system_stm32f1xx.o
 .debug_aranges
                0x0000000000000138       0x28 Core/Startup/startup_stm32f103c8tx.o
 .debug_aranges
                0x0000000000000160       0xe0 Drivers/STM32F1xx_HAL_Driver/Src/stm32f1xx_hal.o
 .debug_aranges
                0x0000000000000240      0x100 Drivers/STM32F1xx_HAL_Driver/Src/stm32f1xx_hal_cortex.o
 .debug_aranges
                0x0000000000000340       0x80 Drivers/STM32F1xx_HAL_Driver/Src/stm32f1xx_hal_dma.o
 .debug_aranges
                0x00000000000003c0       0x58 Drivers/STM32F1xx_HAL_Driver/Src/stm32f1xx_hal_gpio.o
 .debug_aranges
                0x0000000000000418       0x90 Drivers/STM32F1xx_HAL_Driver/Src/stm32f1xx_hal_rcc.o
 .debug_aranges
                0x00000000000004a8      0x1d0 Drivers/STM32F1xx_HAL_Driver/Src/stm32f1xx_hal_spi.o
 .debug_aranges
                0x0000000000000678      0x200 Drivers/STM32F1xx_HAL_Driver/Src/stm32f1xx_hal_uart.o

.debug_ranges   0x0000000000000000      0x7e0
 .debug_ranges  0x0000000000000000       0x38 Core/Src/main.o
 .debug_ranges  0x0000000000000038       0x30 Core/Src/stm32f1xx_hal_msp.o
 .debug_ranges  0x0000000000000068       0x58 Core/Src/stm32f1xx_it.o
 .debug_ranges  0x00000000000000c0       0x10 Core/Src/sysmem.o
 .debug_ranges  0x00000000000000d0       0x18 Core/Src/system_stm32f1xx.o
 .debug_ranges  0x00000000000000e8       0x20 Core/Startup/startup_stm32f103c8tx.o
 .debug_ranges  0x0000000000000108       0xd0 Drivers/STM32F1xx_HAL_Driver/Src/stm32f1xx_hal.o
 .debug_ranges  0x00000000000001d8       0xf0 Drivers/STM32F1xx_HAL_Driver/Src/stm32f1xx_hal_cortex.o
 .debug_ranges  0x00000000000002c8       0x70 Drivers/STM32F1xx_HAL_Driver/Src/stm32f1xx_hal_dma.o
 .debug_ranges  0x0000000000000338       0x48 Drivers/STM32F1xx_HAL_Driver/Src/stm32f1xx_hal_gpio.o
 .debug_ranges  0x0000000000000380       0x80 Drivers/STM32F1xx_HAL_Driver/Src/stm32f1xx_hal_rcc.o
 .debug_ranges  0x0000000000000400      0x1c0 Drivers/STM32F1xx_HAL_Driver/Src/stm32f1xx_hal_spi.o
 .debug_ranges  0x00000000000005c0      0x220 Drivers/STM32F1xx_HAL_Driver/Src/stm32f1xx_hal_uart.o

.debug_macro    0x0000000000000000    0x172b3
 .debug_macro   0x0000000000000000      0x33c Core/Src/main.o
 .debug_macro   0x000000000000033c      0xa9c Core/Src/main.o
 .debug_macro   0x0000000000000dd8      0x21b Core/Src/main.o
 .debug_macro   0x0000000000000ff3       0x2e Core/Src/main.o
 .debug_macro   0x0000000000001021       0x22 Core/Src/main.o
 .debug_macro   0x0000000000001043       0x22 Core/Src/main.o
 .debug_macro   0x0000000000001065       0x8e Core/Src/main.o
 .debug_macro   0x00000000000010f3       0x51 Core/Src/main.o
 .debug_macro   0x0000000000001144      0x103 Core/Src/main.o
 .debug_macro   0x0000000000001247       0x6a Core/Src/main.o
 .debug_macro   0x00000000000012b1      0x1df Core/Src/main.o
 .debug_macro   0x0000000000001490       0x1c Core/Src/main.o
 .debug_macro   0x00000000000014ac       0x22 Core/Src/main.o
 .debug_macro   0x00000000000014ce       0xc3 Core/Src/main.o
 .debug_macro   0x0000000000001591      0xd23 Core/Src/main.o
 .debug_macro   0x00000000000022b4     0xe09e Core/Src/main.o
 .debug_macro   0x0000000000010352       0x6d Core/Src/main.o
 .debug_macro   0x00000000000103bf     0x3468 Core/Src/main.o
 .debug_macro   0x0000000000013827      0x174 Core/Src/main.o
 .debug_macro   0x000000000001399b       0x5c Core/Src/main.o
 .debug_macro   0x00000000000139f7      0x5be Core/Src/main.o
 .debug_macro   0x0000000000013fb5      0x289 Core/Src/main.o
 .debug_macro   0x000000000001423e      0x1cb Core/Src/main.o
 .debug_macro   0x0000000000014409      0x114 Core/Src/main.o
 .debug_macro   0x000000000001451d      0x1b2 Core/Src/main.o
 .debug_macro   0x00000000000146cf       0x27 Core/Src/main.o
 .debug_macro   0x00000000000146f6      0x136 Core/Src/main.o
 .debug_macro   0x000000000001482c      0x1bc Core/Src/main.o
 .debug_macro   0x00000000000149e8       0x34 Core/Src/main.o
 .debug_macro   0x0000000000014a1c       0x3c Core/Src/main.o
 .debug_macro   0x0000000000014a58       0x57 Core/Src/main.o
 .debug_macro   0x0000000000014aaf       0x88 Core/Src/main.o
 .debug_macro   0x0000000000014b37      0x241 Core/Src/main.o
 .debug_macro   0x0000000000014d78      0x141 Core/Src/main.o
 .debug_macro   0x0000000000014eb9      0x217 Core/Src/main.o
 .debug_macro   0x00000000000150d0      0x279 Core/Src/main.o
 .debug_macro   0x0000000000015349       0x83 Core/Src/main.o
 .debug_macro   0x00000000000153cc       0x28 Core/Src/main.o
 .debug_macro   0x00000000000153f4       0x52 Core/Src/main.o
 .debug_macro   0x0000000000015446       0x18 Core/Src/main.o
 .debug_macro   0x000000000001545e       0x3c Core/Src/main.o
 .debug_macro   0x000000000001549a       0x34 Core/Src/main.o
 .debug_macro   0x00000000000154ce       0x16 Core/Src/main.o
 .debug_macro   0x00000000000154e4       0x35 Core/Src/main.o
 .debug_macro   0x0000000000015519      0x333 Core/Src/main.o
 .debug_macro   0x000000000001584c       0x10 Core/Src/main.o
 .debug_macro   0x000000000001585c       0x16 Core/Src/main.o
 .debug_macro   0x0000000000015872       0x43 Core/Src/main.o
 .debug_macro   0x00000000000158b5       0x34 Core/Src/main.o
 .debug_macro   0x00000000000158e9       0x10 Core/Src/main.o
 .debug_macro   0x00000000000158f9       0x58 Core/Src/main.o
 .debug_macro   0x0000000000015951       0x71 Core/Src/main.o
 .debug_macro   0x00000000000159c2       0x1c Core/Src/main.o
 .debug_macro   0x00000000000159de      0x12a Core/Src/main.o
 .debug_macro   0x0000000000015b08       0x10 Core/Src/main.o
 .debug_macro   0x0000000000015b18       0x1c Core/Src/main.o
 .debug_macro   0x0000000000015b34       0x52 Core/Src/main.o
 .debug_macro   0x0000000000015b86       0x22 Core/Src/main.o
 .debug_macro   0x0000000000015ba8       0x10 Core/Src/main.o
 .debug_macro   0x0000000000015bb8       0x40 Core/Src/main.o
 .debug_macro   0x0000000000015bf8       0xd5 Core/Src/main.o
 .debug_macro   0x0000000000015ccd       0x1c Core/Src/main.o
 .debug_macro   0x0000000000015ce9       0x3d Core/Src/main.o
 .debug_macro   0x0000000000015d26       0x16 Core/Src/main.o
 .debug_macro   0x0000000000015d3c      0x145 Core/Src/main.o
 .debug_macro   0x0000000000015e81       0x16 Core/Src/main.o
 .debug_macro   0x0000000000015e97       0x20 Core/Src/main.o
 .debug_macro   0x0000000000015eb7      0x1a7 Core/Src/stm32f1xx_hal_msp.o
 .debug_macro   0x000000000001605e      0x1b1 Core/Src/stm32f1xx_it.o
 .debug_macro   0x000000000001620f       0xff Core/Src/sysmem.o
 .debug_macro   0x000000000001630e      0x23b Core/Src/sysmem.o
 .debug_macro   0x0000000000016549      0x198 Core/Src/system_stm32f1xx.o
 .debug_macro   0x00000000000166e1      0x1bc Drivers/STM32F1xx_HAL_Driver/Src/stm32f1xx_hal.o
 .debug_macro   0x000000000001689d      0x198 Drivers/STM32F1xx_HAL_Driver/Src/stm32f1xx_hal_cortex.o
 .debug_macro   0x0000000000016a35      0x198 Drivers/STM32F1xx_HAL_Driver/Src/stm32f1xx_hal_dma.o
 .debug_macro   0x0000000000016bcd      0x203 Drivers/STM32F1xx_HAL_Driver/Src/stm32f1xx_hal_gpio.o
 .debug_macro   0x0000000000016dd0      0x1aa Drivers/STM32F1xx_HAL_Driver/Src/stm32f1xx_hal_rcc.o
 .debug_macro   0x0000000000016f7a      0x1a0 Drivers/STM32F1xx_HAL_Driver/Src/stm32f1xx_hal_spi.o
 .debug_macro   0x000000000001711a      0x199 Drivers/STM32F1xx_HAL_Driver/Src/stm32f1xx_hal_uart.o

.debug_line     0x0000000000000000     0x9232
 .debug_line    0x0000000000000000      0x9e1 Core/Src/main.o
 .debug_line    0x00000000000009e1      0x70d Core/Src/stm32f1xx_hal_msp.o
 .debug_line    0x00000000000010ee      0x73d Core/Src/stm32f1xx_it.o
 .debug_line    0x000000000000182b      0x4f8 Core/Src/sysmem.o
 .debug_line    0x0000000000001d23      0x6e1 Core/Src/system_stm32f1xx.o
 .debug_line    0x0000000000002404       0x87 Core/Startup/startup_stm32f103c8tx.o
 .debug_line    0x000000000000248b      0x90e Drivers/STM32F1xx_HAL_Driver/Src/stm32f1xx_hal.o
 .debug_line    0x0000000000002d99      0xaf6 Drivers/STM32F1xx_HAL_Driver/Src/stm32f1xx_hal_cortex.o
 .debug_line    0x000000000000388f      0xd66 Drivers/STM32F1xx_HAL_Driver/Src/stm32f1xx_hal_dma.o
 .debug_line    0x00000000000045f5      0x9a5 Drivers/STM32F1xx_HAL_Driver/Src/stm32f1xx_hal_gpio.o
 .debug_line    0x0000000000004f9a      0xd1c Drivers/STM32F1xx_HAL_Driver/Src/stm32f1xx_hal_rcc.o
 .debug_line    0x0000000000005cb6     0x1b93 Drivers/STM32F1xx_HAL_Driver/Src/stm32f1xx_hal_spi.o
 .debug_line    0x0000000000007849     0x19e9 Drivers/STM32F1xx_HAL_Driver/Src/stm32f1xx_hal_uart.o

.debug_str      0x0000000000000000    0x84363
 .debug_str     0x0000000000000000    0x82147 Core/Src/main.o
                                      0x82580 (size before relaxing)
 .debug_str     0x0000000000082147      0x30f Core/Src/stm32f1xx_hal_msp.o
                                      0x7e5bb (size before relaxing)
 .debug_str     0x0000000000082456       0xcd Core/Src/stm32f1xx_it.o
                                      0x7e102 (size before relaxing)
 .debug_str     0x0000000000082523      0x4e9 Core/Src/sysmem.o
                                       0x6249 (size before relaxing)
 .debug_str     0x0000000000082a0c       0x52 Core/Src/system_stm32f1xx.o
                                      0x7dc3e (size before relaxing)
 .debug_str     0x0000000000082a5e       0x36 Core/Startup/startup_stm32f103c8tx.o
                                         0x68 (size before relaxing)
 .debug_str     0x0000000000082a94      0x2fa Drivers/STM32F1xx_HAL_Driver/Src/stm32f1xx_hal.o
                                      0x7e2cf (size before relaxing)
 .debug_str     0x0000000000082d8e      0x300 Drivers/STM32F1xx_HAL_Driver/Src/stm32f1xx_hal_cortex.o
                                      0x7e2d7 (size before relaxing)
 .debug_str     0x000000000008308e      0x23a Drivers/STM32F1xx_HAL_Driver/Src/stm32f1xx_hal_dma.o
                                      0x7e019 (size before relaxing)
 .debug_str     0x00000000000832c8      0x31f Drivers/STM32F1xx_HAL_Driver/Src/stm32f1xx_hal_gpio.o
                                      0x7e002 (size before relaxing)
 .debug_str     0x00000000000835e7      0x24f Drivers/STM32F1xx_HAL_Driver/Src/stm32f1xx_hal_rcc.o
                                      0x7e03b (size before relaxing)
 .debug_str     0x0000000000083836      0x549 Drivers/STM32F1xx_HAL_Driver/Src/stm32f1xx_hal_spi.o
                                      0x7e54a (size before relaxing)
 .debug_str     0x0000000000083d7f      0x5e4 Drivers/STM32F1xx_HAL_Driver/Src/stm32f1xx_hal_uart.o
                                      0x7e62d (size before relaxing)

.comment        0x0000000000000000       0x53
 .comment       0x0000000000000000       0x53 Core/Src/main.o
                                         0x54 (size before relaxing)
 .comment       0x0000000000000053       0x54 Core/Src/stm32f1xx_hal_msp.o
 .comment       0x0000000000000053       0x54 Core/Src/stm32f1xx_it.o
 .comment       0x0000000000000053       0x54 Core/Src/sysmem.o
 .comment       0x0000000000000053       0x54 Core/Src/system_stm32f1xx.o
 .comment       0x0000000000000053       0x54 Drivers/STM32F1xx_HAL_Driver/Src/stm32f1xx_hal.o
 .comment       0x0000000000000053       0x54 Drivers/STM32F1xx_HAL_Driver/Src/stm32f1xx_hal_cortex.o
 .comment       0x0000000000000053       0x54 Drivers/STM32F1xx_HAL_Driver/Src/stm32f1xx_hal_dma.o
 .comment       0x0000000000000053       0x54 Drivers/STM32F1xx_HAL_Driver/Src/stm32f1xx_hal_gpio.o
 .comment       0x0000000000000053       0x54 Drivers/STM32F1xx_HAL_Driver/Src/stm32f1xx_hal_rcc.o
 .comment       0x0000000000000053       0x54 Drivers/STM32F1xx_HAL_Driver/Src/stm32f1xx_hal_spi.o
 .comment       0x0000000000000053       0x54 Drivers/STM32F1xx_HAL_Driver/Src/stm32f1xx_hal_uart.o

.debug_frame    0x0000000000000000     0x25ac
 .debug_frame   0x0000000000000000       0xc8 Core/Src/main.o
 .debug_frame   0x00000000000000c8       0xc8 Core/Src/stm32f1xx_hal_msp.o
 .debug_frame   0x0000000000000190      0x120 Core/Src/stm32f1xx_it.o
 .debug_frame   0x00000000000002b0       0x34 Core/Src/sysmem.o
 .debug_frame   0x00000000000002e4       0x58 Core/Src/system_stm32f1xx.o
 .debug_frame   0x000000000000033c      0x334 Drivers/STM32F1xx_HAL_Driver/Src/stm32f1xx_hal.o
 .debug_frame   0x0000000000000670      0x428 Drivers/STM32F1xx_HAL_Driver/Src/stm32f1xx_hal_cortex.o
 .debug_frame   0x0000000000000a98      0x208 Drivers/STM32F1xx_HAL_Driver/Src/stm32f1xx_hal_dma.o
 .debug_frame   0x0000000000000ca0      0x14c Drivers/STM32F1xx_HAL_Driver/Src/stm32f1xx_hal_gpio.o
 .debug_frame   0x0000000000000dec      0x21c Drivers/STM32F1xx_HAL_Driver/Src/stm32f1xx_hal_rcc.o
 .debug_frame   0x0000000000001008      0x824 Drivers/STM32F1xx_HAL_Driver/Src/stm32f1xx_hal_spi.o
 .debug_frame   0x000000000000182c      0x914 Drivers/STM32F1xx_HAL_Driver/Src/stm32f1xx_hal_uart.o
 .debug_frame   0x0000000000002140       0x20 c:/st/stm32cubeide_1.6.1/stm32cubeide/plugins/com.st.stm32cube.ide.mcu.externaltools.gnu-tools-for-stm32.9-2020-q2-update.win32_1.5.0.202011040924/tools/bin/../lib/gcc/arm-none-eabi/9.3.1/../../../../arm-none-eabi/lib/thumb/v7-m/nofp\libc_nano.a(lib_a-errno.o)
 .debug_frame   0x0000000000002160       0x2c c:/st/stm32cubeide_1.6.1/stm32cubeide/plugins/com.st.stm32cube.ide.mcu.externaltools.gnu-tools-for-stm32.9-2020-q2-update.win32_1.5.0.202011040924/tools/bin/../lib/gcc/arm-none-eabi/9.3.1/../../../../arm-none-eabi/lib/thumb/v7-m/nofp\libc_nano.a(lib_a-init.o)
 .debug_frame   0x000000000000218c       0x20 c:/st/stm32cubeide_1.6.1/stm32cubeide/plugins/com.st.stm32cube.ide.mcu.externaltools.gnu-tools-for-stm32.9-2020-q2-update.win32_1.5.0.202011040924/tools/bin/../lib/gcc/arm-none-eabi/9.3.1/../../../../arm-none-eabi/lib/thumb/v7-m/nofp\libc_nano.a(lib_a-memset.o)
 .debug_frame   0x00000000000021ac       0x6c c:/st/stm32cubeide_1.6.1/stm32cubeide/plugins/com.st.stm32cube.ide.mcu.externaltools.gnu-tools-for-stm32.9-2020-q2-update.win32_1.5.0.202011040924/tools/bin/../lib/gcc/arm-none-eabi/9.3.1/../../../../arm-none-eabi/lib/thumb/v7-m/nofp\libc_nano.a(lib_a-sprintf.o)
 .debug_frame   0x0000000000002218       0x90 c:/st/stm32cubeide_1.6.1/stm32cubeide/plugins/com.st.stm32cube.ide.mcu.externaltools.gnu-tools-for-stm32.9-2020-q2-update.win32_1.5.0.202011040924/tools/bin/../lib/gcc/arm-none-eabi/9.3.1/../../../../arm-none-eabi/lib/thumb/v7-m/nofp\libc_nano.a(lib_a-nano-svfprintf.o)
 .debug_frame   0x00000000000022a8       0x60 c:/st/stm32cubeide_1.6.1/stm32cubeide/plugins/com.st.stm32cube.ide.mcu.externaltools.gnu-tools-for-stm32.9-2020-q2-update.win32_1.5.0.202011040924/tools/bin/../lib/gcc/arm-none-eabi/9.3.1/../../../../arm-none-eabi/lib/thumb/v7-m/nofp\libc_nano.a(lib_a-nano-vfprintf_i.o)
 .debug_frame   0x0000000000002308       0x28 c:/st/stm32cubeide_1.6.1/stm32cubeide/plugins/com.st.stm32cube.ide.mcu.externaltools.gnu-tools-for-stm32.9-2020-q2-update.win32_1.5.0.202011040924/tools/bin/../lib/gcc/arm-none-eabi/9.3.1/../../../../arm-none-eabi/lib/thumb/v7-m/nofp\libc_nano.a(lib_a-memchr-stub.o)
 .debug_frame   0x0000000000002330       0x28 c:/st/stm32cubeide_1.6.1/stm32cubeide/plugins/com.st.stm32cube.ide.mcu.externaltools.gnu-tools-for-stm32.9-2020-q2-update.win32_1.5.0.202011040924/tools/bin/../lib/gcc/arm-none-eabi/9.3.1/../../../../arm-none-eabi/lib/thumb/v7-m/nofp\libc_nano.a(lib_a-memcpy-stub.o)
 .debug_frame   0x0000000000002358       0x28 c:/st/stm32cubeide_1.6.1/stm32cubeide/plugins/com.st.stm32cube.ide.mcu.externaltools.gnu-tools-for-stm32.9-2020-q2-update.win32_1.5.0.202011040924/tools/bin/../lib/gcc/arm-none-eabi/9.3.1/../../../../arm-none-eabi/lib/thumb/v7-m/nofp\libc_nano.a(lib_a-memmove.o)
 .debug_frame   0x0000000000002380       0x38 c:/st/stm32cubeide_1.6.1/stm32cubeide/plugins/com.st.stm32cube.ide.mcu.externaltools.gnu-tools-for-stm32.9-2020-q2-update.win32_1.5.0.202011040924/tools/bin/../lib/gcc/arm-none-eabi/9.3.1/../../../../arm-none-eabi/lib/thumb/v7-m/nofp\libc_nano.a(lib_a-nano-freer.o)
 .debug_frame   0x00000000000023b8       0x30 c:/st/stm32cubeide_1.6.1/stm32cubeide/plugins/com.st.stm32cube.ide.mcu.externaltools.gnu-tools-for-stm32.9-2020-q2-update.win32_1.5.0.202011040924/tools/bin/../lib/gcc/arm-none-eabi/9.3.1/../../../../arm-none-eabi/lib/thumb/v7-m/nofp\libc_nano.a(lib_a-nano-mallocr.o)
 .debug_frame   0x00000000000023e8       0x3c c:/st/stm32cubeide_1.6.1/stm32cubeide/plugins/com.st.stm32cube.ide.mcu.externaltools.gnu-tools-for-stm32.9-2020-q2-update.win32_1.5.0.202011040924/tools/bin/../lib/gcc/arm-none-eabi/9.3.1/../../../../arm-none-eabi/lib/thumb/v7-m/nofp\libc_nano.a(lib_a-nano-reallocr.o)
 .debug_frame   0x0000000000002424       0x2c c:/st/stm32cubeide_1.6.1/stm32cubeide/plugins/com.st.stm32cube.ide.mcu.externaltools.gnu-tools-for-stm32.9-2020-q2-update.win32_1.5.0.202011040924/tools/bin/../lib/gcc/arm-none-eabi/9.3.1/../../../../arm-none-eabi/lib/thumb/v7-m/nofp\libc_nano.a(lib_a-sbrkr.o)
 .debug_frame   0x0000000000002450       0x30 c:/st/stm32cubeide_1.6.1/stm32cubeide/plugins/com.st.stm32cube.ide.mcu.externaltools.gnu-tools-for-stm32.9-2020-q2-update.win32_1.5.0.202011040924/tools/bin/../lib/gcc/arm-none-eabi/9.3.1/../../../../arm-none-eabi/lib/thumb/v7-m/nofp\libc_nano.a(lib_a-mlock.o)
 .debug_frame   0x0000000000002480       0x20 c:/st/stm32cubeide_1.6.1/stm32cubeide/plugins/com.st.stm32cube.ide.mcu.externaltools.gnu-tools-for-stm32.9-2020-q2-update.win32_1.5.0.202011040924/tools/bin/../lib/gcc/arm-none-eabi/9.3.1/../../../../arm-none-eabi/lib/thumb/v7-m/nofp\libc_nano.a(lib_a-nano-msizer.o)
 .debug_frame   0x00000000000024a0       0x5c c:/st/stm32cubeide_1.6.1/stm32cubeide/plugins/com.st.stm32cube.ide.mcu.externaltools.gnu-tools-for-stm32.9-2020-q2-update.win32_1.5.0.202011040924/tools/bin/../lib/gcc/arm-none-eabi/9.3.1/../../../../arm-none-eabi/lib/thumb/v7-m/nofp\libc_nano.a(lib_a-reent.o)
 .debug_frame   0x00000000000024fc       0xb0 c:/st/stm32cubeide_1.6.1/stm32cubeide/plugins/com.st.stm32cube.ide.mcu.externaltools.gnu-tools-for-stm32.9-2020-q2-update.win32_1.5.0.202011040924/tools/bin/../lib/gcc/arm-none-eabi/9.3.1/../../../../arm-none-eabi/lib/thumb/v7-m/nofp\libc_nano.a(lib_a-lock.o)
